<html>
<body>
<pre>
<h1>µVision Build Log</h1>
<h2>Tool Versions:</h2>
IDE-Version: µVision V5.24.2.0
Copyright (C) 2017 ARM Ltd and ARM Germany GmbH. All rights reserved.
License Information: Yankun Yang, Yang, LIC=EPP8T-RCFC3-C0FN2-9IQ27-DGA9R-Y97X5
 
Tool Versions:
Toolchain:       MDK-ARM Professional  Version: 5.24.1
Toolchain Path:  F:\Keil_v5\ARM\ARMCC\Bin
C Compiler:      Armcc.exe V5.06 update 5 (build 528)
Assembler:       Armasm.exe V5.06 update 5 (build 528)
Linker/Locator:  ArmLink.exe V5.06 update 5 (build 528)
Library Manager: ArmAr.exe V5.06 update 5 (build 528)
Hex Converter:   FromElf.exe V5.06 update 5 (build 528)
CPU DLL:         SARMCM3.DLL V5.24.1
Dialog DLL:      DCM.DLL V1.16.0.0
Target DLL:      STLink\ST-LINKIII-KEIL_SWO.dll V3.0.1.0
Dialog DLL:      TCM.DLL V1.32.0.0
 
<h2>Project:</h2>
D:\Kent\PhD\3-QUADCOPTER\STM32\STM32F407 Discovery\Projects\4-SERIAL\4-SERIAL.uvprojx
Project File Date:  03/29/2018

<h2>Output:</h2>
*** Using Compiler 'V5.06 update 5 (build 528)', folder: 'F:\Keil_v5\ARM\ARMCC\Bin'
Rebuild target 'STM32F407VG-Discovery'
assembling startup_stm32f407xx.s...
compiling stm32f4xx_pwr.c...
compiling stm32f4xx_exti.c...
compiling stm32f4xx_gpio.c...
compiling misc.c...
compiling stm32f4xx_rcc.c...
compiling stm32f4xx_syscfg.c...
compiling stm32f4xx_usart.c...
compiling stm32f4xx_dma.c...
compiling main.c...
compiling system_stm32f4xx.c...
compiling system.c...
compiling button.c...
compiling exti.c...
compiling io.c...
src\quad\drivers\io.c(130): warning:  #188-D: enumerated type mixed with another type
  		.GPIO_Mode      = (cfg >> 0) & 0x03,
src\quad\drivers\io.c(131): warning:  #188-D: enumerated type mixed with another type
  		.GPIO_Speed		= (cfg >> 2) & 0x03,
src\quad\drivers\io.c(132): warning:  #188-D: enumerated type mixed with another type
  		.GPIO_OType		= (cfg >> 4) & 0x01,
src\quad\drivers\io.c(133): warning:  #188-D: enumerated type mixed with another type
  		.GPIO_PuPd		= (cfg >> 5) & 0x03,
src\quad\drivers\io.c(150): warning:  #188-D: enumerated type mixed with another type
          .GPIO_Mode = (cfg >> 0) & 0x03,
src\quad\drivers\io.c(151): warning:  #188-D: enumerated type mixed with another type
          .GPIO_Speed = (cfg >> 2) & 0x03,
src\quad\drivers\io.c(152): warning:  #188-D: enumerated type mixed with another type
          .GPIO_OType = (cfg >> 4) & 0x01,
src\quad\drivers\io.c(153): warning:  #188-D: enumerated type mixed with another type
          .GPIO_PuPd = (cfg >> 5) & 0x03,
src\quad\drivers\io.c: 8 warnings, 0 errors
compiling led.c...
compiling rcc.c...
compiling serial.c...
compiling msp_serial.c...
compiling serial_usb_vcp.c...
compiling gps.c...
compiling serial_uart.c...
src\quad\drivers\serial_uart.c(308): warning:  #111-D: statement is unreachable
  	if (s->port.rxBufferHead >= s->port.rxBufferTail) {
src\quad\drivers\serial_uart.c(314): warning:  #111-D: statement is unreachable
  	return (uint32_t)-1;
src\quad\drivers\serial_uart.c: 2 warnings, 0 errors
compiling serial_uart_stm32f4xx.c...
compiling config.c...
compiling usbd_cdc_core.c...
compiling usbd_core.c...
compiling usbd_ioreq.c...
compiling usbd_req.c...
compiling usb_dcd.c...
compiling usb_core.c...
compiling usb_dcd_int.c...
compiling usbd_usr.c...
compiling usbd_desc.c...
compiling typeconversion.c...
compiling usbd_cdc_vcp.c...
compiling usb_bsp.c...
compiling stm32f4xx_it.c...
compiling printf.c...
src\quad\common\printf.c(44): warning:  #1293-D: assignment in condition
      while ((ch = *bf++)) {
src\quad\common\printf.c(57): warning:  #1293-D: assignment in condition
      while ((ch = *(fmt++))) {
src\quad\common\printf.c: 2 warnings, 0 errors
linking...
Program Size: Code=16234 RO-data=690 RW-data=1328 ZI-data=3944  
".\Objects\4-SERIAL.axf" - 0 Error(s), 12 Warning(s).

<h2>Software Packages used:</h2>

Package Vendor: Keil
                http://www.keil.com/pack/Keil.STM32F4xx_DFP.2.11.0.pack
                Keil.STM32F4xx_DFP.2.11.0
                STMicroelectronics STM32F4 Series Device Support, Drivers and Examples

<h2>Collection of Component include folders:</h2>
  .\RTE\_STM32F407VG-Discovery
  F:\Keil_v5\ARM\PACK\Keil\STM32F4xx_DFP\2.11.0\Drivers\CMSIS\Device\ST\STM32F4xx\Include

<h2>Collection of Component Files used:</h2>
Build Time Elapsed:  00:00:39
</pre>
</body>
</html>
