Component: ARM Compiler 5.06 update 5 (build 528) Tool: armlink [4d35e2]

==============================================================================

Section Cross References

    startup_stm32f407xx.o(STACK) refers (Special) to heapauxi.o(.text) for __use_two_region_memory
    startup_stm32f407xx.o(HEAP) refers (Special) to heapauxi.o(.text) for __use_two_region_memory
    startup_stm32f407xx.o(RESET) refers (Special) to heapauxi.o(.text) for __use_two_region_memory
    startup_stm32f407xx.o(RESET) refers to startup_stm32f407xx.o(STACK) for __initial_sp
    startup_stm32f407xx.o(RESET) refers to startup_stm32f407xx.o(.text) for Reset_Handler
    startup_stm32f407xx.o(RESET) refers to stm32f4xx_it.o(i.NMI_Handler) for NMI_Handler
    startup_stm32f407xx.o(RESET) refers to stm32f4xx_it.o(i.SVC_Handler) for SVC_Handler
    startup_stm32f407xx.o(RESET) refers to stm32f4xx_it.o(i.DebugMon_Handler) for DebugMon_Handler
    startup_stm32f407xx.o(RESET) refers to stm32f4xx_it.o(i.PendSV_Handler) for PendSV_Handler
    startup_stm32f407xx.o(RESET) refers to system.o(i.SysTick_Handler) for SysTick_Handler
    startup_stm32f407xx.o(RESET) refers to exti.o(i.EXTI0_IRQHandler) for EXTI0_IRQHandler
    startup_stm32f407xx.o(RESET) refers to exti.o(i.EXTI1_IRQHandler) for EXTI1_IRQHandler
    startup_stm32f407xx.o(RESET) refers to exti.o(i.EXTI2_IRQHandler) for EXTI2_IRQHandler
    startup_stm32f407xx.o(RESET) refers to exti.o(i.EXTI3_IRQHandler) for EXTI3_IRQHandler
    startup_stm32f407xx.o(RESET) refers to exti.o(i.EXTI4_IRQHandler) for EXTI4_IRQHandler
    startup_stm32f407xx.o(RESET) refers to exti.o(i.EXTI9_5_IRQHandler) for EXTI9_5_IRQHandler
    startup_stm32f407xx.o(RESET) refers to serial_uart_stm32f4xx.o(i.USART2_IRQHandler) for USART2_IRQHandler
    startup_stm32f407xx.o(RESET) refers to exti.o(i.EXTI15_10_IRQHandler) for EXTI15_10_IRQHandler
    startup_stm32f407xx.o(RESET) refers to stm32f4xx_it.o(i.OTG_FS_WKUP_IRQHandler) for OTG_FS_WKUP_IRQHandler
    startup_stm32f407xx.o(RESET) refers to stm32f4xx_it.o(i.OTG_FS_IRQHandler) for OTG_FS_IRQHandler
    startup_stm32f407xx.o(.text) refers (Special) to heapauxi.o(.text) for __use_two_region_memory
    startup_stm32f407xx.o(.text) refers to system_stm32f4xx.o(i.SystemInit) for SystemInit
    startup_stm32f407xx.o(.text) refers to __main.o(!!!main) for __main
    startup_stm32f407xx.o(.text) refers to startup_stm32f407xx.o(HEAP) for Heap_Mem
    startup_stm32f407xx.o(.text) refers to startup_stm32f407xx.o(STACK) for Stack_Mem
    stm32f4xx_gpio.o(i.GPIO_DeInit) refers to stm32f4xx_rcc.o(i.RCC_AHB1PeriphResetCmd) for RCC_AHB1PeriphResetCmd
    stm32f4xx_pwr.o(i.PWR_DeInit) refers to stm32f4xx_rcc.o(i.RCC_APB1PeriphResetCmd) for RCC_APB1PeriphResetCmd
    stm32f4xx_rcc.o(i.RCC_GetClocksFreq) refers to stm32f4xx_rcc.o(.data) for .data
    stm32f4xx_rcc.o(i.RCC_WaitForHSEStartUp) refers to stm32f4xx_rcc.o(i.RCC_GetFlagStatus) for RCC_GetFlagStatus
    stm32f4xx_syscfg.o(i.SYSCFG_DeInit) refers to stm32f4xx_rcc.o(i.RCC_APB2PeriphResetCmd) for RCC_APB2PeriphResetCmd
    stm32f4xx_usart.o(i.USART_DeInit) refers to stm32f4xx_rcc.o(i.RCC_APB2PeriphResetCmd) for RCC_APB2PeriphResetCmd
    stm32f4xx_usart.o(i.USART_DeInit) refers to stm32f4xx_rcc.o(i.RCC_APB1PeriphResetCmd) for RCC_APB1PeriphResetCmd
    stm32f4xx_usart.o(i.USART_Init) refers to stm32f4xx_rcc.o(i.RCC_GetClocksFreq) for RCC_GetClocksFreq
    main.o(i.EnableGPIOClk) refers to stm32f4xx_rcc.o(i.RCC_AHB1PeriphClockCmd) for RCC_AHB1PeriphClockCmd
    main.o(i.EnableGPIOClk) refers to stm32f4xx_rcc.o(i.RCC_AHB2PeriphClockCmd) for RCC_AHB2PeriphClockCmd
    main.o(i.EnableGPIOClk) refers to stm32f4xx_rcc.o(i.RCC_APB1PeriphClockCmd) for RCC_APB1PeriphClockCmd
    main.o(i.EnableGPIOClk) refers to stm32f4xx_rcc.o(i.RCC_APB2PeriphClockCmd) for RCC_APB2PeriphClockCmd
    main.o(i.EnableGPIOClk) refers to stm32f4xx_gpio.o(i.GPIO_StructInit) for GPIO_StructInit
    main.o(i.EnableGPIOClk) refers to stm32f4xx_gpio.o(i.GPIO_Init) for GPIO_Init
    main.o(i.fputc) refers to gps.o(i.gpsWrite) for gpsWrite
    main.o(i.main) refers to _printf_percent.o(.ARM.Collect$$_printf_percent$$00000000) for _printf_percent
    main.o(i.main) refers to _printf_d.o(.ARM.Collect$$_printf_percent$$00000009) for _printf_d
    main.o(i.main) refers to _printf_s.o(.ARM.Collect$$_printf_percent$$00000014) for _printf_s
    main.o(i.main) refers to _printf_dec.o(.text) for _printf_int_dec
    main.o(i.main) refers to _printf_str.o(.text) for _printf_str
    main.o(i.main) refers to _printf_f.o(.ARM.Collect$$_printf_percent$$00000003) for _printf_f
    main.o(i.main) refers to printf1.o(x$fpl$printf1) for _printf_fp_dec
    main.o(i.main) refers to main.o(i.systemInit) for systemInit
    main.o(i.main) refers to io.o(i.IOGlobalInit) for IOGlobalInit
    main.o(i.main) refers to config.o(i.CheckEEPROMContainsValidData) for CheckEEPROMContainsValidData
[...]
    i.serialWrite                            0x08003924   Section        0  serial.o(i.serialWrite)
    i.systemInit                             0x0800392c   Section        0  main.o(i.systemInit)
    i.targetConfiguration                    0x0800397c   Section        0  config.o(i.targetConfiguration)
    i.uartIrqHandler                         0x08003990   Section        0  serial_uart_stm32f4xx.o(i.uartIrqHandler)
    i.uartOpen                               0x08003a28   Section        0  serial_uart.o(i.uartOpen)
    i.uartRead                               0x08003b70   Section        0  serial_uart.o(i.uartRead)
    i.uartReconfigure                        0x08003b9c   Section        0  serial_uart.o(i.uartReconfigure)
    uartReconfigure                          0x08003b9d   Thumb Code   140  serial_uart.o(i.uartReconfigure)
    i.uartSetBaudRate                        0x08003c28   Section        0  serial_uart.o(i.uartSetBaudRate)
    i.uartSetMode                            0x08003c2e   Section        0  serial_uart.o(i.uartSetMode)
    i.uartStartTxDMA                         0x08003c34   Section        0  serial_uart.o(i.uartStartTxDMA)
    i.uartTotalRxBytesWaiting                0x08003c7e   Section        0  serial_uart.o(i.uartTotalRxBytesWaiting)
    i.uartTotalTxBytesFree                   0x08003c96   Section        0  serial_uart.o(i.uartTotalTxBytesFree)
    i.uartWrite                              0x08003cbc   Section        0  serial_uart.o(i.uartWrite)
    locale$$code                             0x08003cec   Section       44  lc_numeric_c.o(locale$$code)
    x$fpl$dadd                               0x08003d18   Section      336  daddsub_clz.o(x$fpl$dadd)
    $v0                                      0x08003d18   Number         0  daddsub_clz.o(x$fpl$dadd)
    _dadd1                                   0x08003d29   Thumb Code     0  daddsub_clz.o(x$fpl$dadd)
    x$fpl$dnaninf                            0x08003e68   Section      156  dnaninf.o(x$fpl$dnaninf)
    $v0                                      0x08003e68   Number         0  dnaninf.o(x$fpl$dnaninf)
    x$fpl$dretinf                            0x08003f04   Section       12  dretinf.o(x$fpl$dretinf)
    $v0                                      0x08003f04   Number         0  dretinf.o(x$fpl$dretinf)
    x$fpl$dsub                               0x08003f10   Section      468  daddsub_clz.o(x$fpl$dsub)
    $v0                                      0x08003f10   Number         0  daddsub_clz.o(x$fpl$dsub)
    _dsub1                                   0x08003f21   Thumb Code     0  daddsub_clz.o(x$fpl$dsub)
    x$fpl$fpinit                             0x080040e4   Section       10  fpinit.o(x$fpl$fpinit)
    $v0                                      0x080040e4   Number         0  fpinit.o(x$fpl$fpinit)
    x$fpl$printf1                            0x080040ee   Section        4  printf1.o(x$fpl$printf1)
    $v0                                      0x080040ee   Number         0  printf1.o(x$fpl$printf1)
    .constdata                               0x080040f2   Section        5  main.o(.constdata)
    x$fpl$usenofp                            0x080040f2   Section        0  usenofp.o(x$fpl$usenofp)
    __FUNCTION__                             0x080040f2   Data           5  main.o(.constdata)
    .constdata                               0x080040f7   Section        1  button.o(.constdata)
    btnIntExtiConfig                         0x080040f7   Data           1  button.o(.constdata)
    .constdata                               0x080040f8   Section       23  exti.o(.constdata)
    extiGroupIRQn                            0x080040f8   Data           7  exti.o(.constdata)
    extiGroups                               0x080040ff   Data          16  exti.o(.constdata)
    .constdata                               0x08004110   Section       16  io.o(.constdata)
    ioDefUsedOffset                          0x08004110   Data           4  io.o(.constdata)
    ioDefUsedMask                            0x08004118   Data           8  io.o(.constdata)
    .constdata                               0x08004120   Section        3  serial.o(.constdata)
    .constdata                               0x08004124   Section       40  serial_uart.o(.constdata)
    .constdata                               0x0800414c   Section      148  bigflt0.o(.constdata)
    tenpwrs_x                                0x0800414c   Data          60  bigflt0.o(.constdata)
    tenpwrs_i                                0x08004188   Data          64  bigflt0.o(.constdata)
    locale$$data                             0x08004200   Section       28  lc_numeric_c.o(locale$$data)
    __lcnum_c_name                           0x08004204   Data           2  lc_numeric_c.o(locale$$data)
    __lcnum_c_start                          0x0800420c   Data           0  lc_numeric_c.o(locale$$data)
    __lcnum_c_point                          0x08004218   Data           0  lc_numeric_c.o(locale$$data)
    __lcnum_c_thousands                      0x0800421a   Data           0  lc_numeric_c.o(locale$$data)
    __lcnum_c_grouping                       0x0800421b   Data           0  lc_numeric_c.o(locale$$data)
    __lcnum_c_end                            0x0800421c   Data           0  lc_numeric_c.o(locale$$data)
    .data                                    0x20000000   Section       16  stm32f4xx_rcc.o(.data)
    APBAHBPrescTable                         0x20000000   Data          16  stm32f4xx_rcc.o(.data)
    .data                                    0x20000010   Section       16  main.o(.data)
    .data                                    0x20000020   Section        4  main.o(.data)
    .data                                    0x20000024   Section       20  system_stm32f4xx.o(.data)
    .data                                    0x20000038   Section       12  system.o(.data)
    usTicks                                  0x20000038   Data           4  system.o(.data)
    sysTickPending                           0x20000040   Data           4  system.o(.data)
    .data                                    0x20000044   Section        7  exti.o(.data)
    extiGroupPriority                        0x20000044   Data           7  exti.o(.data)
    .data                                    0x2000004b   Section        1  led.o(.data)
    ledPolarity                              0x2000004b   Data           1  led.o(.data)
    .data                                    0x2000004c   Section        8  serial.o(.data)
    findSerialPortConfigState                0x2000004c   Data           1  serial.o(.data)
    serialConfig                             0x20000050   Data           4  serial.o(.data)
    .data                                    0x20000054   Section        4  gps.o(.data)
    gpsPort                                  0x20000054   Data           4  gps.o(.data)
    .data                                    0x20000058   Section     1148  serial_uart_stm32f4xx.o(.data)
    uart2                                    0x20000058   Data        1148  serial_uart_stm32f4xx.o(.data)
    .data                                    0x200004d4   Section       24  serial_uart_stm32f4xx.o(.data)
    uartHardwareMap                          0x200004d4   Data          24  serial_uart_stm32f4xx.o(.data)
    .data                                    0x200004ec   Section       44  usbd_core.o(.data)
    .data                                    0x20000518   Section        4  usbd_core.o(.data)
    .data                                    0x2000051c   Section        4  usbd_core.o(.data)
    .data                                    0x20000520   Section       16  usbd_req.o(.data)
    cfgidx                                   0x20000520   Data           1  usbd_req.o(.data)
    .bss                                     0x20000530   Section       16  system.o(.bss)
    .bss                                     0x20000540   Section       12  button.o(.bss)
    .bss                                     0x2000054c   Section       64  exti.o(.bss)
    .bss                                     0x2000058c   Section      512  io.o(.bss)
    .bss                                     0x2000078c   Section       16  led.o(.bss)
    leds                                     0x2000078c   Data          16  led.o(.bss)
    .bss                                     0x2000079c   Section       36  serial.o(.bss)
    serialPortUsageList                      0x2000079c   Data          36  serial.o(.bss)
    .bss                                     0x200007c0   Section     1596  serial_usb_vcp.o(.bss)
    vcpPort                                  0x20000db4   Data          72  serial_usb_vcp.o(.bss)
    .bss                                     0x20000dfc   Section       60  config.o(.bss)
    .bss                                     0x20000e38   Section       96  libspace.o(.bss)
    HEAP                                     0x20000e98   Section      512  startup_stm32f407xx.o(HEAP)
    Heap_Mem                                 0x20000e98   Data         512  startup_stm32f407xx.o(HEAP)
    STACK                                    0x20001098   Section     1024  startup_stm32f407xx.o(STACK)
    Stack_Mem                                0x20001098   Data        1024  startup_stm32f407xx.o(STACK)
    __initial_sp                             0x20001498   Data           0  startup_stm32f407xx.o(STACK)

    Global Symbols

    Symbol Name                              Value     Ov Type        Size  Object(Section)

    BuildAttributes$$THM_ISAv4$E$P$D$K$B$S$7EM$VFPi3$EXTD16$VFPS$VFMA$PE$A:L22UL41UL21$X:L11$S22US41US21$IEEE1$IW$USESV6$~STKCKD$USESV7$~SHL$OTIME$ROPI$IEEEJ$EBA8$UX$STANDARDLIB$REQ8$PRES8$EABIv2 0x00000000   Number         0  anon$$obj.o ABSOLUTE
    __ARM_use_no_argv                        0x00000000   Number         0  main.o ABSOLUTE
    _printf_flags                            0x00000000   Number         0  printf_stubs.o ABSOLUTE
    _printf_return_value                     0x00000000   Number         0  printf_stubs.o ABSOLUTE
    _printf_sizespec                         0x00000000   Number         0  printf_stubs.o ABSOLUTE
    _printf_widthprec                        0x00000000   Number         0  printf_stubs.o ABSOLUTE
    __ARM_exceptions_init                     - Undefined Weak Reference
    __alloca_initialize                       - Undefined Weak Reference
    __arm_preinit_                            - Undefined Weak Reference
    __cpp_initialize__aeabi_                  - Undefined Weak Reference
    __cxa_finalize                            - Undefined Weak Reference
    __sigvec_lookup                           - Undefined Weak Reference
    _atexit_init                              - Undefined Weak Reference
    _call_atexit_fns                          - Undefined Weak Reference
    _clock_init                               - Undefined Weak Reference
    _fp_trap_init                             - Undefined Weak Reference
    _fp_trap_shutdown                         - Undefined Weak Reference
    _get_lc_collate                           - Undefined Weak Reference
    _get_lc_ctype                             - Undefined Weak Reference
    _get_lc_monetary                          - Undefined Weak Reference
    _get_lc_time                              - Undefined Weak Reference
    _getenv_init                              - Undefined Weak Reference
    _handle_redirection                       - Undefined Weak Reference
    _init_alloc                               - Undefined Weak Reference
    _init_user_alloc                          - Undefined Weak Reference
    _initio                                   - Undefined Weak Reference
    _mutex_acquire                            - Undefined Weak Reference
    _mutex_release                            - Undefined Weak Reference
    _printf_mbtowc                            - Undefined Weak Reference
    _printf_post_padding                      - Undefined Weak Reference
    _printf_pre_padding                       - Undefined Weak Reference
    _printf_truncate_signed                   - Undefined Weak Reference
    _printf_truncate_unsigned                 - Undefined Weak Reference
    _rand_init                                - Undefined Weak Reference
    _signal_finish                            - Undefined Weak Reference
    _signal_init                              - Undefined Weak Reference
    _terminate_alloc                          - Undefined Weak Reference
    _terminate_user_alloc                     - Undefined Weak Reference
    _terminateio                              - Undefined Weak Reference
    __Vectors_Size                           0x00000188   Number         0  startup_stm32f407xx.o ABSOLUTE
    __Vectors                                0x08000000   Data           4  startup_stm32f407xx.o(RESET)
    __Vectors_End                            0x08000188   Data           0  startup_stm32f407xx.o(RESET)
    __main                                   0x08000189   Thumb Code     8  __main.o(!!!main)
    __scatterload                            0x08000191   Thumb Code     0  __scatter.o(!!!scatter)
    __scatterload_rt2                        0x08000191   Thumb Code    44  __scatter.o(!!!scatter)
    __scatterload_rt2_thumb_only             0x08000191   Thumb Code     0  __scatter.o(!!!scatter)
    __scatterload_null                       0x0800019f   Thumb Code     0  __scatter.o(!!!scatter)
    __decompress                             0x080001c5   Thumb Code    90  __dczerorl2.o(!!dczerorl2)
    __decompress1                            0x080001c5   Thumb Code     0  __dczerorl2.o(!!dczerorl2)
    __scatterload_zeroinit                   0x08000221   Thumb Code    28  __scatter_zi.o(!!handler_zi)
    _printf_f                                0x0800023d   Thumb Code     0  _printf_f.o(.ARM.Collect$$_printf_percent$$00000003)
    _printf_percent                          0x0800023d   Thumb Code     0  _printf_percent.o(.ARM.Collect$$_printf_percent$$00000000)
    _printf_d                                0x08000243   Thumb Code     0  _printf_d.o(.ARM.Collect$$_printf_percent$$00000009)
    _printf_s                                0x08000249   Thumb Code     0  _printf_s.o(.ARM.Collect$$_printf_percent$$00000014)
    _printf_percent_end                      0x0800024f   Thumb Code     0  _printf_percent_end.o(.ARM.Collect$$_printf_percent$$00000017)
    __rt_lib_init                            0x08000253   Thumb Code     0  libinit.o(.ARM.Collect$$libinit$$00000000)
    __rt_lib_init_fp_1                       0x08000255   Thumb Code     0  libinit2.o(.ARM.Collect$$libinit$$00000001)
    __rt_lib_init_heap_1                     0x08000259   Thumb Code     0  libinit2.o(.ARM.Collect$$libinit$$0000000A)
    __rt_lib_init_lc_common                  0x08000259   Thumb Code     0  libinit2.o(.ARM.Collect$$libinit$$0000000F)
    __rt_lib_init_preinit_1                  0x08000259   Thumb Code     0  libinit2.o(.ARM.Collect$$libinit$$00000004)
    __rt_lib_init_rand_1                     0x08000259   Thumb Code     0  libinit2.o(.ARM.Collect$$libinit$$0000000E)
    __rt_lib_init_user_alloc_1               0x08000259   Thumb Code     0  libinit2.o(.ARM.Collect$$libinit$$0000000C)
    __rt_lib_init_lc_collate_1               0x0800025f   Thumb Code     0  libinit2.o(.ARM.Collect$$libinit$$00000011)
    __rt_lib_init_lc_ctype_1                 0x0800025f   Thumb Code     0  libinit2.o(.ARM.Collect$$libinit$$00000013)
    __rt_lib_init_lc_monetary_1              0x0800025f   Thumb Code     0  libinit2.o(.ARM.Collect$$libinit$$00000015)
    __rt_lib_init_lc_numeric_2               0x0800025f   Thumb Code     0  libinit2.o(.ARM.Collect$$libinit$$00000016)
    __rt_lib_init_alloca_1                   0x08000269   Thumb Code     0  libinit2.o(.ARM.Collect$$libinit$$0000002E)
    __rt_lib_init_argv_1                     0x08000269   Thumb Code     0  libinit2.o(.ARM.Collect$$libinit$$0000002C)
    __rt_lib_init_atexit_1                   0x08000269   Thumb Code     0  libinit2.o(.ARM.Collect$$libinit$$0000001B)
    __rt_lib_init_clock_1                    0x08000269   Thumb Code     0  libinit2.o(.ARM.Collect$$libinit$$00000021)
    __rt_lib_init_cpp_1                      0x08000269   Thumb Code     0  libinit2.o(.ARM.Collect$$libinit$$00000032)
    __rt_lib_init_exceptions_1               0x08000269   Thumb Code     0  libinit2.o(.ARM.Collect$$libinit$$00000030)
    __rt_lib_init_fp_trap_1                  0x08000269   Thumb Code     0  libinit2.o(.ARM.Collect$$libinit$$0000001F)
    __rt_lib_init_getenv_1                   0x08000269   Thumb Code     0  libinit2.o(.ARM.Collect$$libinit$$00000023)
    __rt_lib_init_lc_numeric_1               0x08000269   Thumb Code     0  libinit2.o(.ARM.Collect$$libinit$$00000017)
    __rt_lib_init_lc_time_1                  0x08000269   Thumb Code     0  libinit2.o(.ARM.Collect$$libinit$$00000019)
    __rt_lib_init_return                     0x08000269   Thumb Code     0  libinit2.o(.ARM.Collect$$libinit$$00000033)
    __rt_lib_init_signal_1                   0x08000269   Thumb Code     0  libinit2.o(.ARM.Collect$$libinit$$0000001D)
    __rt_lib_init_stdio_1                    0x08000269   Thumb Code     0  libinit2.o(.ARM.Collect$$libinit$$00000025)
    __rt_lib_shutdown                        0x0800026b   Thumb Code     0  libshutdown.o(.ARM.Collect$$libshutdown$$00000000)
    __rt_lib_shutdown_cpp_1                  0x0800026d   Thumb Code     0  libshutdown2.o(.ARM.Collect$$libshutdown$$00000002)
    __rt_lib_shutdown_fp_trap_1              0x0800026d   Thumb Code     0  libshutdown2.o(.ARM.Collect$$libshutdown$$00000007)
    __rt_lib_shutdown_heap_1                 0x0800026d   Thumb Code     0  libshutdown2.o(.ARM.Collect$$libshutdown$$0000000F)
    __rt_lib_shutdown_return                 0x0800026d   Thumb Code     0  libshutdown2.o(.ARM.Collect$$libshutdown$$00000010)
    __rt_lib_shutdown_signal_1               0x0800026d   Thumb Code     0  libshutdown2.o(.ARM.Collect$$libshutdown$$0000000A)
    __rt_lib_shutdown_stdio_1                0x0800026d   Thumb Code     0  libshutdown2.o(.ARM.Collect$$libshutdown$$00000004)
    __rt_lib_shutdown_user_alloc_1           0x0800026d   Thumb Code     0  libshutdown2.o(.ARM.Collect$$libshutdown$$0000000C)
    __rt_entry                               0x0800026f   Thumb Code     0  __rtentry.o(.ARM.Collect$$rtentry$$00000000)
    __rt_entry_presh_1                       0x0800026f   Thumb Code     0  __rtentry2.o(.ARM.Collect$$rtentry$$00000002)
    __rt_entry_sh                            0x0800026f   Thumb Code     0  __rtentry4.o(.ARM.Collect$$rtentry$$00000004)
    __rt_entry_li                            0x08000275   Thumb Code     0  __rtentry2.o(.ARM.Collect$$rtentry$$0000000A)
    __rt_entry_postsh_1                      0x08000275   Thumb Code     0  __rtentry2.o(.ARM.Collect$$rtentry$$00000009)
    __rt_entry_main                          0x08000279   Thumb Code     0  __rtentry2.o(.ARM.Collect$$rtentry$$0000000D)
    __rt_entry_postli_1                      0x08000279   Thumb Code     0  __rtentry2.o(.ARM.Collect$$rtentry$$0000000C)
    __rt_exit                                0x08000281   Thumb Code     0  rtexit.o(.ARM.Collect$$rtexit$$00000000)
    __rt_exit_ls                             0x08000283   Thumb Code     0  rtexit2.o(.ARM.Collect$$rtexit$$00000003)
    __rt_exit_prels_1                        0x08000283   Thumb Code     0  rtexit2.o(.ARM.Collect$$rtexit$$00000002)
    __rt_exit_exit                           0x08000287   Thumb Code     0  rtexit2.o(.ARM.Collect$$rtexit$$00000004)
    Reset_Handler                            0x0800028d   Thumb Code     8  startup_stm32f407xx.o(.text)
    HardFault_Handler                        0x08000297   Thumb Code     2  startup_stm32f407xx.o(.text)
    MemManage_Handler                        0x08000299   Thumb Code     2  startup_stm32f407xx.o(.text)
    BusFault_Handler                         0x0800029b   Thumb Code     2  startup_stm32f407xx.o(.text)
    UsageFault_Handler                       0x0800029d   Thumb Code     2  startup_stm32f407xx.o(.text)
    ADC_IRQHandler                           0x080002a7   Thumb Code     0  startup_stm32f407xx.o(.text)
    CAN1_RX0_IRQHandler                      0x080002a7   Thumb Code     0  startup_stm32f407xx.o(.text)
    CAN1_RX1_IRQHandler                      0x080002a7   Thumb Code     0  startup_stm32f407xx.o(.text)
    CAN1_SCE_IRQHandler                      0x080002a7   Thumb Code     0  startup_stm32f407xx.o(.text)
    CAN1_TX_IRQHandler                       0x080002a7   Thumb Code     0  startup_stm32f407xx.o(.text)
    CAN2_RX0_IRQHandler                      0x080002a7   Thumb Code     0  startup_stm32f407xx.o(.text)
    CAN2_RX1_IRQHandler                      0x080002a7   Thumb Code     0  startup_stm32f407xx.o(.text)
    CAN2_SCE_IRQHandler                      0x080002a7   Thumb Code     0  startup_stm32f407xx.o(.text)
    CAN2_TX_IRQHandler                       0x080002a7   Thumb Code     0  startup_stm32f407xx.o(.text)
    DCMI_IRQHandler                          0x080002a7   Thumb Code     0  startup_stm32f407xx.o(.text)
    DMA1_Stream0_IRQHandler                  0x080002a7   Thumb Code     0  startup_stm32f407xx.o(.text)
    DMA1_Stream1_IRQHandler                  0x080002a7   Thumb Code     0  startup_stm32f407xx.o(.text)
    DMA1_Stream2_IRQHandler                  0x080002a7   Thumb Code     0  startup_stm32f407xx.o(.text)
    DMA1_Stream3_IRQHandler                  0x080002a7   Thumb Code     0  startup_stm32f407xx.o(.text)
    DMA1_Stream4_IRQHandler                  0x080002a7   Thumb Code     0  startup_stm32f407xx.o(.text)
    DMA1_Stream5_IRQHandler                  0x080002a7   Thumb Code     0  startup_stm32f407xx.o(.text)
    DMA1_Stream6_IRQHandler                  0x080002a7   Thumb Code     0  startup_stm32f407xx.o(.text)
    DMA1_Stream7_IRQHandler                  0x080002a7   Thumb Code     0  startup_stm32f407xx.o(.text)
    DMA2_Stream0_IRQHandler                  0x080002a7   Thumb Code     0  startup_stm32f407xx.o(.text)
    DMA2_Stream1_IRQHandler                  0x080002a7   Thumb Code     0  startup_stm32f407xx.o(.text)
    DMA2_Stream2_IRQHandler                  0x080002a7   Thumb Code     0  startup_stm32f407xx.o(.text)
    DMA2_Stream3_IRQHandler                  0x080002a7   Thumb Code     0  startup_stm32f407xx.o(.text)
    DMA2_Stream4_IRQHandler                  0x080002a7   Thumb Code     0  startup_stm32f407xx.o(.text)
    DMA2_Stream5_IRQHandler                  0x080002a7   Thumb Code     0  startup_stm32f407xx.o(.text)
    DMA2_Stream6_IRQHandler                  0x080002a7   Thumb Code     0  startup_stm32f407xx.o(.text)
    DMA2_Stream7_IRQHandler                  0x080002a7   Thumb Code     0  startup_stm32f407xx.o(.text)
    ETH_IRQHandler                           0x080002a7   Thumb Code     0  startup_stm32f407xx.o(.text)
    ETH_WKUP_IRQHandler                      0x080002a7   Thumb Code     0  startup_stm32f407xx.o(.text)
    FLASH_IRQHandler                         0x080002a7   Thumb Code     0  startup_stm32f407xx.o(.text)
    FMC_IRQHandler                           0x080002a7   Thumb Code     0  startup_stm32f407xx.o(.text)
    FPU_IRQHandler                           0x080002a7   Thumb Code     0  startup_stm32f407xx.o(.text)
    HASH_RNG_IRQHandler                      0x080002a7   Thumb Code     0  startup_stm32f407xx.o(.text)
    I2C1_ER_IRQHandler                       0x080002a7   Thumb Code     0  startup_stm32f407xx.o(.text)
    I2C1_EV_IRQHandler                       0x080002a7   Thumb Code     0  startup_stm32f407xx.o(.text)
    I2C2_ER_IRQHandler                       0x080002a7   Thumb Code     0  startup_stm32f407xx.o(.text)
    I2C2_EV_IRQHandler                       0x080002a7   Thumb Code     0  startup_stm32f407xx.o(.text)
    I2C3_ER_IRQHandler                       0x080002a7   Thumb Code     0  startup_stm32f407xx.o(.text)
    I2C3_EV_IRQHandler                       0x080002a7   Thumb Code     0  startup_stm32f407xx.o(.text)
    OTG_HS_EP1_IN_IRQHandler                 0x080002a7   Thumb Code     0  startup_stm32f407xx.o(.text)
    OTG_HS_EP1_OUT_IRQHandler                0x080002a7   Thumb Code     0  startup_stm32f407xx.o(.text)
    OTG_HS_IRQHandler                        0x080002a7   Thumb Code     0  startup_stm32f407xx.o(.text)
    OTG_HS_WKUP_IRQHandler                   0x080002a7   Thumb Code     0  startup_stm32f407xx.o(.text)
    PVD_IRQHandler                           0x080002a7   Thumb Code     0  startup_stm32f407xx.o(.text)
    RCC_IRQHandler                           0x080002a7   Thumb Code     0  startup_stm32f407xx.o(.text)
    RTC_Alarm_IRQHandler                     0x080002a7   Thumb Code     0  startup_stm32f407xx.o(.text)
    RTC_WKUP_IRQHandler                      0x080002a7   Thumb Code     0  startup_stm32f407xx.o(.text)
    SDIO_IRQHandler                          0x080002a7   Thumb Code     0  startup_stm32f407xx.o(.text)
    SPI1_IRQHandler                          0x080002a7   Thumb Code     0  startup_stm32f407xx.o(.text)
    SPI2_IRQHandler                          0x080002a7   Thumb Code     0  startup_stm32f407xx.o(.text)
    SPI3_IRQHandler                          0x080002a7   Thumb Code     0  startup_stm32f407xx.o(.text)
    TAMP_STAMP_IRQHandler                    0x080002a7   Thumb Code     0  startup_stm32f407xx.o(.text)
    TIM1_BRK_TIM9_IRQHandler                 0x080002a7   Thumb Code     0  startup_stm32f407xx.o(.text)
    TIM1_CC_IRQHandler                       0x080002a7   Thumb Code     0  startup_stm32f407xx.o(.text)
    TIM1_TRG_COM_TIM11_IRQHandler            0x080002a7   Thumb Code     0  startup_stm32f407xx.o(.text)
    TIM1_UP_TIM10_IRQHandler                 0x080002a7   Thumb Code     0  startup_stm32f407xx.o(.text)
    TIM2_IRQHandler                          0x080002a7   Thumb Code     0  startup_stm32f407xx.o(.text)
    TIM3_IRQHandler                          0x080002a7   Thumb Code     0  startup_stm32f407xx.o(.text)
    TIM4_IRQHandler                          0x080002a7   Thumb Code     0  startup_stm32f407xx.o(.text)
    TIM5_IRQHandler                          0x080002a7   Thumb Code     0  startup_stm32f407xx.o(.text)
    TIM6_DAC_IRQHandler                      0x080002a7   Thumb Code     0  startup_stm32f407xx.o(.text)
    TIM7_IRQHandler                          0x080002a7   Thumb Code     0  startup_stm32f407xx.o(.text)
    TIM8_BRK_TIM12_IRQHandler                0x080002a7   Thumb Code     0  startup_stm32f407xx.o(.text)
    TIM8_CC_IRQHandler                       0x080002a7   Thumb Code     0  startup_stm32f407xx.o(.text)
    TIM8_TRG_COM_TIM14_IRQHandler            0x080002a7   Thumb Code     0  startup_stm32f407xx.o(.text)
    TIM8_UP_TIM13_IRQHandler                 0x080002a7   Thumb Code     0  startup_stm32f407xx.o(.text)
    UART4_IRQHandler                         0x080002a7   Thumb Code     0  startup_stm32f407xx.o(.text)
    UART5_IRQHandler                         0x080002a7   Thumb Code     0  startup_stm32f407xx.o(.text)
    USART1_IRQHandler                        0x080002a7   Thumb Code     0  startup_stm32f407xx.o(.text)
    USART3_IRQHandler                        0x080002a7   Thumb Code     0  startup_stm32f407xx.o(.text)
    USART6_IRQHandler                        0x080002a7   Thumb Code     0  startup_stm32f407xx.o(.text)
    WWDG_IRQHandler                          0x080002a7   Thumb Code     0  startup_stm32f407xx.o(.text)
    __user_initial_stackheap                 0x080002a9   Thumb Code     0  startup_stm32f407xx.o(.text)
    __2printf                                0x080002cd   Thumb Code    20  noretval__2printf.o(.text)
    _printf_str                              0x080002e5   Thumb Code    82  _printf_str.o(.text)
    _printf_int_dec                          0x08000339   Thumb Code   104  _printf_dec.o(.text)
    __printf                                 0x080003b1   Thumb Code   270  __printf_wp.o(.text)
    __aeabi_memset                           0x080004bf   Thumb Code    16  aeabi_memset.o(.text)
    __aeabi_memclr                           0x080004cf   Thumb Code     0  rt_memclr.o(.text)
    __rt_memclr                              0x080004cf   Thumb Code    68  rt_memclr.o(.text)
    _memset                                  0x080004d3   Thumb Code     0  rt_memclr.o(.text)
    __aeabi_memclr4                          0x08000513   Thumb Code     0  rt_memclr_w.o(.text)
    __aeabi_memclr8                          0x08000513   Thumb Code     0  rt_memclr_w.o(.text)
    __rt_memclr_w                            0x08000513   Thumb Code    78  rt_memclr_w.o(.text)
    _memset_w                                0x08000517   Thumb Code     0  rt_memclr_w.o(.text)
    __use_two_region_memory                  0x08000561   Thumb Code     2  heapauxi.o(.text)
    __rt_heap_escrow$2region                 0x08000563   Thumb Code     2  heapauxi.o(.text)
    __rt_heap_expand$2region                 0x08000565   Thumb Code     2  heapauxi.o(.text)
    _printf_int_common                       0x08000567   Thumb Code   178  _printf_intcommon.o(.text)
    __lib_sel_fp_printf                      0x08000619   Thumb Code     2  _printf_fp_dec.o(.text)
    _printf_fp_dec_real                      0x080007cb   Thumb Code   620  _printf_fp_dec.o(.text)
    _printf_cs_common                        0x08000a37   Thumb Code    20  _printf_char.o(.text)
    _printf_char                             0x08000a4b   Thumb Code    16  _printf_char.o(.text)
    _printf_string                           0x08000a5b   Thumb Code     8  _printf_char.o(.text)
    _printf_char_file                        0x08000a65   Thumb Code    32  _printf_char_file.o(.text)
    __rt_locale                              0x08000a89   Thumb Code     8  rt_locale_intlibspace.o(.text)
    _ll_udiv10                               0x08000a91   Thumb Code   138  lludiv10.o(.text)
    _printf_char_common                      0x08000b27   Thumb Code    32  _printf_char_common.o(.text)
    _printf_fp_infnan                        0x08000b4d   Thumb Code   112  _printf_fp_infnan.o(.text)
    _btod_etento                             0x08000bcd   Thumb Code   224  bigflt0.o(.text)
    ferror                                   0x08000cb1   Thumb Code     8  ferror.o(.text)
    __user_libspace                          0x08000cb9   Thumb Code     8  libspace.o(.text)
    __user_perproc_libspace                  0x08000cb9   Thumb Code     0  libspace.o(.text)
    __user_perthread_libspace                0x08000cb9   Thumb Code     0  libspace.o(.text)
    __user_setup_stackheap                   0x08000cc1   Thumb Code    74  sys_stackheap_outer.o(.text)
    exit                                     0x08000d0b   Thumb Code    18  exit.o(.text)
    strcmp                                   0x08000d1d   Thumb Code   128  strcmpv7m.o(.text)
    _sys_exit                                0x08000d9d   Thumb Code     8  sys_exit.o(.text)
    __I$use$semihosting                      0x08000da9   Thumb Code     0  use_no_semi.o(.text)
    __use_no_semihosting_swi                 0x08000da9   Thumb Code     2  use_no_semi.o(.text)
    __semihosting_library_function           0x08000dab   Thumb Code     0  indicate_semi.o(.text)
    _btod_d2e                                0x08000dab   Thumb Code    62  btod.o(CL$$btod_d2e)
    _d2e_denorm_low                          0x08000de9   Thumb Code    70  btod.o(CL$$btod_d2e_denorm_low)
    _d2e_norm_op1                            0x08000e2f   Thumb Code    96  btod.o(CL$$btod_d2e_norm_op1)
    __btod_div_common                        0x08000e8f   Thumb Code   696  btod.o(CL$$btod_div_common)
    _e2e                                     0x080011c7   Thumb Code   220  btod.o(CL$$btod_e2e)
    _btod_ediv                               0x080012a3   Thumb Code    42  btod.o(CL$$btod_ediv)
    _btod_emul                               0x080012cd   Thumb Code    42  btod.o(CL$$btod_emul)
    __btod_mult_common                       0x080012f7   Thumb Code   580  btod.o(CL$$btod_mult_common)
    CheckEEPROMContainsValidData             0x0800153d   Thumb Code     6  config.o(i.CheckEEPROMContainsValidData)
    CreateDefaultConfig                      0x08001549   Thumb Code    36  config.o(i.CreateDefaultConfig)
    DCD_EP_ClrStall                          0x0800156d   Thumb Code    56  usb_dcd.o(i.DCD_EP_ClrStall)
    DCD_EP_Open                              0x080015a5   Thumb Code    60  usb_dcd.o(i.DCD_EP_Open)
    DCD_EP_PrepareRx                         0x080015e1   Thumb Code    68  usb_dcd.o(i.DCD_EP_PrepareRx)
    DCD_EP_SetAddress                        0x08001625   Thumb Code    16  usb_dcd.o(i.DCD_EP_SetAddress)
    DCD_EP_Stall                             0x08001635   Thumb Code    56  usb_dcd.o(i.DCD_EP_Stall)
    DCD_EP_Tx                                0x0800166d   Thumb Code    62  usb_dcd.o(i.DCD_EP_Tx)
    DMA_Cmd                                  0x08001b69   Thumb Code    20  stm32f4xx_dma.o(i.DMA_Cmd)
    DMA_DeInit                               0x08001b7d   Thumb Code   272  stm32f4xx_dma.o(i.DMA_DeInit)
    DMA_GetCurrDataCounter                   0x08001ca1   Thumb Code     6  stm32f4xx_dma.o(i.DMA_GetCurrDataCounter)
    DMA_ITConfig                             0x08001ca7   Thumb Code    44  stm32f4xx_dma.o(i.DMA_ITConfig)
    DMA_Init                                 0x08001cd5   Thumb Code    80  stm32f4xx_dma.o(i.DMA_Init)
    DMA_MemoryTargetConfig                   0x08001d29   Thumb Code    10  stm32f4xx_dma.o(i.DMA_MemoryTargetConfig)
    DMA_SetCurrDataCounter                   0x08001d33   Thumb Code     4  stm32f4xx_dma.o(i.DMA_SetCurrDataCounter)
    DMA_StructInit                           0x08001d37   Thumb Code    34  stm32f4xx_dma.o(i.DMA_StructInit)
    DebugMon_Handler                         0x08001d59   Thumb Code     2  stm32f4xx_it.o(i.DebugMon_Handler)
    EXTI0_IRQHandler                         0x08001d5b   Thumb Code     4  exti.o(i.EXTI0_IRQHandler)
    EXTI15_10_IRQHandler                     0x08001d5f   Thumb Code     4  exti.o(i.EXTI15_10_IRQHandler)
    EXTI1_IRQHandler                         0x08001d63   Thumb Code     4  exti.o(i.EXTI1_IRQHandler)
    EXTI2_IRQHandler                         0x08001d67   Thumb Code     4  exti.o(i.EXTI2_IRQHandler)
    EXTI3_IRQHandler                         0x08001d6b   Thumb Code     4  exti.o(i.EXTI3_IRQHandler)
    EXTI4_IRQHandler                         0x08001d6f   Thumb Code     4  exti.o(i.EXTI4_IRQHandler)
    EXTI9_5_IRQHandler                       0x08001d73   Thumb Code     4  exti.o(i.EXTI9_5_IRQHandler)
    EXTIConfig                               0x08001d79   Thumb Code   132  exti.o(i.EXTIConfig)
    EXTIEnable                               0x08001e09   Thumb Code    28  exti.o(i.EXTIEnable)
    EXTIHandlerInit                          0x08001e29   Thumb Code     4  exti.o(i.EXTIHandlerInit)
    EXTIInit                                 0x08001e2d   Thumb Code    32  exti.o(i.EXTIInit)
    EXTI_ClearITPendingBit                   0x08001e55   Thumb Code     6  stm32f4xx_exti.o(i.EXTI_ClearITPendingBit)
    EXTI_IRQHandler                          0x08001e61   Thumb Code    56  exti.o(i.EXTI_IRQHandler)
    EXTI_Init                                0x08001ea1   Thumb Code   108  stm32f4xx_exti.o(i.EXTI_Init)
    EnableGPIOClk                            0x08001f11   Thumb Code   110  main.o(i.EnableGPIOClk)
    GPIO_Init                                0x08001fa5   Thumb Code   162  stm32f4xx_gpio.o(i.GPIO_Init)
    GPIO_PinAFConfig                         0x08002047   Thumb Code    32  stm32f4xx_gpio.o(i.GPIO_PinAFConfig)
    GPIO_StructInit                          0x08002067   Thumb Code    18  stm32f4xx_gpio.o(i.GPIO_StructInit)
    IOConfigGPIO                             0x08002079   Thumb Code    68  io.o(i.IOConfigGPIO)
    IOConfigGPIOAF                           0x080020c1   Thumb Code    86  io.o(i.IOConfigGPIOAF)
    IOGetByTag                               0x0800211d   Thumb Code    98  io.o(i.IOGetByTag)
    IOGlobalInit                             0x08002189   Thumb Code    52  io.o(i.IOGlobalInit)
    IOInit                                   0x080021c9   Thumb Code     6  io.o(i.IOInit)
    IOToggle                                 0x080021cf   Thumb Code    20  io.o(i.IOToggle)
    IOWrite                                  0x080021e3   Thumb Code    18  io.o(i.IOWrite)
    IO_EXTI_Line                             0x080021f5   Thumb Code    18  io.o(i.IO_EXTI_Line)
    IO_EXTI_PinSource                        0x08002207   Thumb Code     4  io.o(i.IO_EXTI_PinSource)
    IO_EXTI_PortSourceGPIO                   0x0800220b   Thumb Code     4  io.o(i.IO_EXTI_PortSourceGPIO)
    IO_GPIOPinIdx                            0x0800220f   Thumb Code    24  io.o(i.IO_GPIOPinIdx)
    IO_GPIOPortIdx                           0x08002229   Thumb Code    18  io.o(i.IO_GPIOPortIdx)
    IO_GPIO_PinSource                        0x08002241   Thumb Code     4  io.o(i.IO_GPIO_PinSource)
    LedInit                                  0x08002245   Thumb Code   128  led.o(i.LedInit)
    LedSet                                   0x080022cd   Thumb Code    32  led.o(i.LedSet)
    LedToggle                                0x080022f5   Thumb Code    10  led.o(i.LedToggle)
    NMI_Handler                              0x08002305   Thumb Code     2  stm32f4xx_it.o(i.NMI_Handler)
    NVIC_Init                                0x08002309   Thumb Code    96  misc.o(i.NVIC_Init)
    NVIC_PriorityGroupConfig                 0x0800236d   Thumb Code    10  misc.o(i.NVIC_PriorityGroupConfig)
    OTG_FS_IRQHandler                        0x08002381   Thumb Code     6  stm32f4xx_it.o(i.OTG_FS_IRQHandler)
    OTG_FS_WKUP_IRQHandler                   0x0800238d   Thumb Code    40  stm32f4xx_it.o(i.OTG_FS_WKUP_IRQHandler)
    PendSV_Handler                           0x080023bd   Thumb Code     2  stm32f4xx_it.o(i.PendSV_Handler)
    RCC_AHB1PeriphClockCmd                   0x080023c1   Thumb Code    18  stm32f4xx_rcc.o(i.RCC_AHB1PeriphClockCmd)
    RCC_AHB2PeriphClockCmd                   0x080023d9   Thumb Code    18  stm32f4xx_rcc.o(i.RCC_AHB2PeriphClockCmd)
    RCC_APB1PeriphClockCmd                   0x080023f1   Thumb Code    18  stm32f4xx_rcc.o(i.RCC_APB1PeriphClockCmd)
    RCC_APB2PeriphClockCmd                   0x08002409   Thumb Code    18  stm32f4xx_rcc.o(i.RCC_APB2PeriphClockCmd)
    RCC_ClearFlag                            0x08002421   Thumb Code    12  stm32f4xx_rcc.o(i.RCC_ClearFlag)
    RCC_ClockCmd                             0x08002431   Thumb Code    36  rcc.o(i.RCC_ClockCmd)
    RCC_GetClocksFreq                        0x08002455   Thumb Code   132  stm32f4xx_rcc.o(i.RCC_GetClocksFreq)
    ResetLedStatusConfig                     0x080024e5   Thumb Code    32  config.o(i.ResetLedStatusConfig)
    ResetSerialConfig                        0x08002505   Thumb Code    54  config.o(i.ResetSerialConfig)
    ResetSerialPinConfig                     0x08002541   Thumb Code    60  config.o(i.ResetSerialPinConfig)
    SVC_Handler                              0x08002581   Thumb Code     2  stm32f4xx_it.o(i.SVC_Handler)
    SYSCFG_EXTILineConfig                    0x08002585   Thumb Code    42  stm32f4xx_syscfg.o(i.SYSCFG_EXTILineConfig)
    SetSysClock                              0x080025b5   Thumb Code   162  system_stm32f4xx.o(i.SetSysClock)
    SysTick_Handler                          0x08002669   Thumb Code    30  system.o(i.SysTick_Handler)
    SysTick_Init                             0x0800268d   Thumb Code    24  system.o(i.SysTick_Init)
    SystemInit                               0x080026b1   Thumb Code    74  system_stm32f4xx.o(i.SystemInit)
    USART2_IRQHandler                        0x0800270d   Thumb Code    10  serial_uart_stm32f4xx.o(i.USART2_IRQHandler)
    USART_ClearITPendingBit                  0x0800271d   Thumb Code    12  stm32f4xx_usart.o(i.USART_ClearITPendingBit)
    USART_Cmd                                0x08002729   Thumb Code    20  stm32f4xx_usart.o(i.USART_Cmd)
    USART_DMACmd                             0x0800273d   Thumb Code    16  stm32f4xx_usart.o(i.USART_DMACmd)
    USART_GetITStatus                        0x0800274d   Thumb Code    62  stm32f4xx_usart.o(i.USART_GetITStatus)
    USART_HalfDuplexCmd                      0x0800278b   Thumb Code    20  stm32f4xx_usart.o(i.USART_HalfDuplexCmd)
    USART_ITConfig                           0x0800279f   Thumb Code    48  stm32f4xx_usart.o(i.USART_ITConfig)
    USART_Init                               0x080027d1   Thumb Code   164  stm32f4xx_usart.o(i.USART_Init)
    USART_SendData                           0x0800287d   Thumb Code     8  stm32f4xx_usart.o(i.USART_SendData)
    USBD_ClrCfg                              0x08002885   Thumb Code    14  usbd_core.o(i.USBD_ClrCfg)
    USBD_CtlContinueRx                       0x08002893   Thumb Code    18  usbd_ioreq.o(i.USBD_CtlContinueRx)
    USBD_CtlContinueSendData                 0x080028a5   Thumb Code    18  usbd_ioreq.o(i.USBD_CtlContinueSendData)
    USBD_CtlError                            0x080028b7   Thumb Code    28  usbd_req.o(i.USBD_CtlError)
    USBD_CtlReceiveStatus                    0x080028d3   Thumb Code    34  usbd_ioreq.o(i.USBD_CtlReceiveStatus)
    USBD_CtlSendData                         0x080028f5   Thumb Code    32  usbd_ioreq.o(i.USBD_CtlSendData)
    USBD_CtlSendStatus                       0x08002915   Thumb Code    34  usbd_ioreq.o(i.USBD_CtlSendStatus)
    USBD_OTG_ISR_Handler                     0x08002b41   Thumb Code   236  usb_dcd_int.o(i.USBD_OTG_ISR_Handler)
    USBD_ParseSetupRequest                   0x08002c31   Thumb Code    68  usbd_req.o(i.USBD_ParseSetupRequest)
    USBD_SetCfg                              0x08002cc9   Thumb Code    26  usbd_core.o(i.USBD_SetCfg)
    USBD_StdDevReq                           0x08002e1d   Thumb Code   234  usbd_req.o(i.USBD_StdDevReq)
    USBD_StdEPReq                            0x08002f0d   Thumb Code   236  usbd_req.o(i.USBD_StdEPReq)
    USBD_StdItfReq                           0x08002ffd   Thumb Code    54  usbd_req.o(i.USBD_StdItfReq)
    USB_OTG_BSP_uDelay                       0x0800304f   Thumb Code    22  usb_bsp.o(i.USB_OTG_BSP_uDelay)
    USB_OTG_EP0Activate                      0x08003065   Thumb Code    54  usb_core.o(i.USB_OTG_EP0Activate)
    USB_OTG_EP0StartXfer                     0x0800309d   Thumb Code   174  usb_core.o(i.USB_OTG_EP0StartXfer)
    USB_OTG_EP0_OutStart                     0x0800314d   Thumb Code    32  usb_core.o(i.USB_OTG_EP0_OutStart)
    USB_OTG_EPActivate                       0x08003171   Thumb Code    82  usb_core.o(i.USB_OTG_EPActivate)
    USB_OTG_EPClearStall                     0x080031c3   Thumb Code    50  usb_core.o(i.USB_OTG_EPClearStall)
    USB_OTG_EPSetStall                       0x080031f5   Thumb Code    48  usb_core.o(i.USB_OTG_EPSetStall)
    USB_OTG_EPStartXfer                      0x08003225   Thumb Code   296  usb_core.o(i.USB_OTG_EPStartXfer)
    USB_OTG_FlushTxFifo                      0x0800334d   Thumb Code    60  usb_core.o(i.USB_OTG_FlushTxFifo)
    USB_OTG_GetDeviceSpeed                   0x0800338d   Thumb Code    30  usb_core.o(i.USB_OTG_GetDeviceSpeed)
    USB_OTG_IsDeviceMode                     0x080033ab   Thumb Code    18  usb_core.o(i.USB_OTG_IsDeviceMode)
    USB_OTG_ReadCoreItr                      0x080033bd   Thumb Code    10  usb_core.o(i.USB_OTG_ReadCoreItr)
    USB_OTG_ReadDevAllInEPItr                0x080033c7   Thumb Code    12  usb_core.o(i.USB_OTG_ReadDevAllInEPItr)
    USB_OTG_ReadDevAllOutEp_itr              0x080033d3   Thumb Code    12  usb_core.o(i.USB_OTG_ReadDevAllOutEp_itr)
    USB_OTG_ReadDevOutEP_itr                 0x080033df   Thumb Code    16  usb_core.o(i.USB_OTG_ReadDevOutEP_itr)
    USB_OTG_ReadPacket                       0x080033ef   Thumb Code    32  usb_core.o(i.USB_OTG_ReadPacket)
    USB_OTG_UngateClock                      0x0800340f   Thumb Code    28  usb_core.o(i.USB_OTG_UngateClock)
    USB_OTG_WritePacket                      0x0800342b   Thumb Code    40  usb_core.o(i.USB_OTG_WritePacket)
    __ARM_fpclassify                         0x08003453   Thumb Code    48  fpclassify.o(i.__ARM_fpclassify)
    _is_digit                                0x08003483   Thumb Code    14  __printf_wp.o(i._is_digit)
    buttonInit                               0x080034b9   Thumb Code    72  button.o(i.buttonInit)
    delay                                    0x0800350d   Thumb Code    22  system.o(i.delay)
    delayMicroseconds                        0x08003525   Thumb Code    24  system.o(i.delayMicroseconds)
    findNextSerialPortConfig                 0x0800353d   Thumb Code    36  serial.o(i.findNextSerialPortConfig)
    findSerialPortConfig                     0x08003565   Thumb Code    10  serial.o(i.findSerialPortConfig)
    findSerialPortIndexByIdentifier          0x08003575   Thumb Code    24  serial.o(i.findSerialPortIndexByIdentifier)
    findSerialPortUsageByIdentifier          0x08003591   Thumb Code    36  serial.o(i.findSerialPortUsageByIdentifier)
    fputc                                    0x080035b9   Thumb Code    14  main.o(i.fputc)
    gpsInit                                  0x080035c9   Thumb Code    40  gps.o(i.gpsInit)
    gpsWrite                                 0x080035f5   Thumb Code    10  gps.o(i.gpsWrite)
    isUartTransmitBufferEmpty                0x08003605   Thumb Code    26  serial_uart.o(i.isUartTransmitBufferEmpty)
    main                                     0x08003621   Thumb Code   124  main.o(i.main)
    micros                                   0x080036f1   Thumb Code    74  system.o(i.micros)
    microsISR                                0x08003745   Thumb Code    72  system.o(i.microsISR)
    openSerialPort                           0x08003791   Thumb Code    64  serial.o(i.openSerialPort)
    serialInit                               0x080037d5   Thumb Code    38  serial.o(i.serialInit)
    serialUART                               0x08003809   Thumb Code   264  serial_uart_stm32f4xx.o(i.serialUART)
    serialUART2                              0x08003919   Thumb Code    12  serial_uart_stm32f4xx.o(i.serialUART2)
    serialWrite                              0x08003925   Thumb Code     6  serial.o(i.serialWrite)
    systemInit                               0x0800392d   Thumb Code    70  main.o(i.systemInit)
    targetConfiguration                      0x0800397d   Thumb Code    20  config.o(i.targetConfiguration)
    uartIrqHandler                           0x08003991   Thumb Code   150  serial_uart_stm32f4xx.o(i.uartIrqHandler)
    uartOpen                                 0x08003a29   Thumb Code   324  serial_uart.o(i.uartOpen)
    uartRead                                 0x08003b71   Thumb Code    44  serial_uart.o(i.uartRead)
    uartSetBaudRate                          0x08003c29   Thumb Code     6  serial_uart.o(i.uartSetBaudRate)
    uartSetMode                              0x08003c2f   Thumb Code     6  serial_uart.o(i.uartSetMode)
    uartStartTxDMA                           0x08003c35   Thumb Code    74  serial_uart.o(i.uartStartTxDMA)
    uartTotalRxBytesWaiting                  0x08003c7f   Thumb Code    24  serial_uart.o(i.uartTotalRxBytesWaiting)
    uartTotalTxBytesFree                     0x08003c97   Thumb Code    38  serial_uart.o(i.uartTotalTxBytesFree)
    uartWrite                                0x08003cbd   Thumb Code    48  serial_uart.o(i.uartWrite)
    _get_lc_numeric                          0x08003ced   Thumb Code    44  lc_numeric_c.o(locale$$code)
    __aeabi_dadd                             0x08003d19   Thumb Code     0  daddsub_clz.o(x$fpl$dadd)
    _dadd                                    0x08003d19   Thumb Code   332  daddsub_clz.o(x$fpl$dadd)
    __fpl_dnaninf                            0x08003e69   Thumb Code   156  dnaninf.o(x$fpl$dnaninf)
    __fpl_dretinf                            0x08003f05   Thumb Code    12  dretinf.o(x$fpl$dretinf)
    __aeabi_dsub                             0x08003f11   Thumb Code     0  daddsub_clz.o(x$fpl$dsub)
    _dsub                                    0x08003f11   Thumb Code   464  daddsub_clz.o(x$fpl$dsub)
    _fp_init                                 0x080040e5   Thumb Code    10  fpinit.o(x$fpl$fpinit)
    __fplib_config_fpu_vfp                   0x080040ed   Thumb Code     0  fpinit.o(x$fpl$fpinit)
    __fplib_config_pureend_doubles           0x080040ed   Thumb Code     0  fpinit.o(x$fpl$fpinit)
    _printf_fp_dec                           0x080040ef   Thumb Code     4  printf1.o(x$fpl$printf1)
    __I$use$fp                               0x080040f2   Number         0  usenofp.o(x$fpl$usenofp)
    ioPortDefs                               0x08004114   Data           4  io.o(.constdata)
    serialPortIdentifiers                    0x08004120   Data           3  serial.o(.constdata)
    uartVTable                               0x08004124   Data          40  serial_uart.o(.constdata)
    Region$$Table$$Base                      0x080041e0   Number         0  anon$$obj.o(Region$$Table)
    Region$$Table$$Limit                     0x08004200   Number         0  anon$$obj.o(Region$$Table)
    systemState                              0x20000010   Data           1  main.o(.data)
    i_cnt                                    0x20000014   Data           4  main.o(.data)
    f_cnt                                    0x20000018   Data           8  main.o(.data)
    __stdout                                 0x20000020   Data           4  main.o(.data)
    SystemCoreClock                          0x20000024   Data           4  system_stm32f4xx.o(.data)
    AHBPrescTable                            0x20000028   Data          16  system_stm32f4xx.o(.data)
    sysTickUptime                            0x2000003c   Data           4  system.o(.data)
    USBD_DCD_INT_cb                          0x200004ec   Data          44  usbd_core.o(.data)
    USBD_DCD_INT_fops                        0x20000518   Data           4  usbd_core.o(.data)
    SET_TEST_MODE                            0x2000051c   Data           4  usbd_core.o(.data)
    USBD_ep_status                           0x20000524   Data           4  usbd_req.o(.data)
    USBD_default_cfg                         0x20000528   Data           4  usbd_req.o(.data)
    USBD_cfg_status                          0x2000052c   Data           4  usbd_req.o(.data)
    clocks                                   0x20000530   Data          16  system.o(.bss)
    button                                   0x20000540   Data          12  button.o(.bss)
    extiChannelRecs                          0x2000054c   Data          64  exti.o(.bss)
    ioRecs                                   0x2000058c   Data         512  io.o(.bss)
    USB_OTG_dev                              0x200007c0   Data        1524  serial_usb_vcp.o(.bss)
    masterConfig                             0x20000dfc   Data          60  config.o(.bss)
    __libspace_start                         0x20000e38   Data          96  libspace.o(.bss)
    __temporary_stack_top$libspace           0x20000e98   Data           0  libspace.o(.bss)



==============================================================================

Memory Map of the image

  Image Entry point : 0x08000189

  Load Region LR_IROM1 (Base: 0x08000000, Size: 0x0000474c, Max: 0x00100000, ABSOLUTE, COMPRESSED[0x00004278])

    Execution Region ER_IROM1 (Exec base: 0x08000000, Load base: 0x08000000, Size: 0x0000421c, Max: 0x00100000, ABSOLUTE)

    Exec Addr    Load Addr    Size         Type   Attr      Idx    E Section Name        Object

    0x08000000   0x08000000   0x00000188   Data   RO            3    RESET               startup_stm32f407xx.o
    0x08000188   0x08000188   0x00000008   Code   RO         3520  * !!!main             c_w.l(__main.o)
    0x08000190   0x08000190   0x00000034   Code   RO         3752    !!!scatter          c_w.l(__scatter.o)
    0x080001c4   0x080001c4   0x0000005a   Code   RO         3750    !!dczerorl2         c_w.l(__dczerorl2.o)
    0x0800021e   0x0800021e   0x00000002   PAD
    0x08000220   0x08000220   0x0000001c   Code   RO         3754    !!handler_zi        c_w.l(__scatter_zi.o)
    0x0800023c   0x0800023c   0x00000000   Code   RO         3505    .ARM.Collect$$_printf_percent$$00000000  c_w.l(_printf_percent.o)
    0x0800023c   0x0800023c   0x00000006   Code   RO         3504    .ARM.Collect$$_printf_percent$$00000003  c_w.l(_printf_f.o)
    0x08000242   0x08000242   0x00000006   Code   RO         3503    .ARM.Collect$$_printf_percent$$00000009  c_w.l(_printf_d.o)
    0x08000248   0x08000248   0x00000006   Code   RO         3502    .ARM.Collect$$_printf_percent$$00000014  c_w.l(_printf_s.o)
    0x0800024e   0x0800024e   0x00000004   Code   RO         3539    .ARM.Collect$$_printf_percent$$00000017  c_w.l(_printf_percent_end.o)
    0x08000252   0x08000252   0x00000002   Code   RO         3623    .ARM.Collect$$libinit$$00000000  c_w.l(libinit.o)
    0x08000254   0x08000254   0x00000004   Code   RO         3624    .ARM.Collect$$libinit$$00000001  c_w.l(libinit2.o)
    0x08000258   0x08000258   0x00000000   Code   RO         3627    .ARM.Collect$$libinit$$00000004  c_w.l(libinit2.o)
    0x08000258   0x08000258   0x00000000   Code   RO         3630    .ARM.Collect$$libinit$$0000000A  c_w.l(libinit2.o)
    0x08000258   0x08000258   0x00000000   Code   RO         3632    .ARM.Collect$$libinit$$0000000C  c_w.l(libinit2.o)
    0x08000258   0x08000258   0x00000000   Code   RO         3634    .ARM.Collect$$libinit$$0000000E  c_w.l(libinit2.o)
    0x08000258   0x08000258   0x00000006   Code   RO         3635    .ARM.Collect$$libinit$$0000000F  c_w.l(libinit2.o)
    0x0800025e   0x0800025e   0x00000000   Code   RO         3637    .ARM.Collect$$libinit$$00000011  c_w.l(libinit2.o)
    0x0800025e   0x0800025e   0x00000000   Code   RO         3639    .ARM.Collect$$libinit$$00000013  c_w.l(libinit2.o)
    0x0800025e   0x0800025e   0x00000000   Code   RO         3641    .ARM.Collect$$libinit$$00000015  c_w.l(libinit2.o)
    0x0800025e   0x0800025e   0x0000000a   Code   RO         3642    .ARM.Collect$$libinit$$00000016  c_w.l(libinit2.o)
    0x08000268   0x08000268   0x00000000   Code   RO         3643    .ARM.Collect$$libinit$$00000017  c_w.l(libinit2.o)
    0x08000268   0x08000268   0x00000000   Code   RO         3645    .ARM.Collect$$libinit$$00000019  c_w.l(libinit2.o)
    0x08000268   0x08000268   0x00000000   Code   RO         3647    .ARM.Collect$$libinit$$0000001B  c_w.l(libinit2.o)
    0x08000268   0x08000268   0x00000000   Code   RO         3649    .ARM.Collect$$libinit$$0000001D  c_w.l(libinit2.o)
    0x08000268   0x08000268   0x00000000   Code   RO         3651    .ARM.Collect$$libinit$$0000001F  c_w.l(libinit2.o)
    0x08000268   0x08000268   0x00000000   Code   RO         3653    .ARM.Collect$$libinit$$00000021  c_w.l(libinit2.o)
    0x08000268   0x08000268   0x00000000   Code   RO         3655    .ARM.Collect$$libinit$$00000023  c_w.l(libinit2.o)
    0x08000268   0x08000268   0x00000000   Code   RO         3657    .ARM.Collect$$libinit$$00000025  c_w.l(libinit2.o)
    0x08000268   0x08000268   0x00000000   Code   RO         3661    .ARM.Collect$$libinit$$0000002C  c_w.l(libinit2.o)
    0x08000268   0x08000268   0x00000000   Code   RO         3663    .ARM.Collect$$libinit$$0000002E  c_w.l(libinit2.o)
    0x08000268   0x08000268   0x00000000   Code   RO         3665    .ARM.Collect$$libinit$$00000030  c_w.l(libinit2.o)
    0x08000268   0x08000268   0x00000000   Code   RO         3667    .ARM.Collect$$libinit$$00000032  c_w.l(libinit2.o)
    0x08000268   0x08000268   0x00000002   Code   RO         3668    .ARM.Collect$$libinit$$00000033  c_w.l(libinit2.o)
    0x0800026a   0x0800026a   0x00000002   Code   RO         3698    .ARM.Collect$$libshutdown$$00000000  c_w.l(libshutdown.o)
    0x0800026c   0x0800026c   0x00000000   Code   RO         3709    .ARM.Collect$$libshutdown$$00000002  c_w.l(libshutdown2.o)
    0x0800026c   0x0800026c   0x00000000   Code   RO         3711    .ARM.Collect$$libshutdown$$00000004  c_w.l(libshutdown2.o)
    0x0800026c   0x0800026c   0x00000000   Code   RO         3714    .ARM.Collect$$libshutdown$$00000007  c_w.l(libshutdown2.o)
    0x0800026c   0x0800026c   0x00000000   Code   RO         3717    .ARM.Collect$$libshutdown$$0000000A  c_w.l(libshutdown2.o)
    0x0800026c   0x0800026c   0x00000000   Code   RO         3719    .ARM.Collect$$libshutdown$$0000000C  c_w.l(libshutdown2.o)
    0x0800026c   0x0800026c   0x00000000   Code   RO         3722    .ARM.Collect$$libshutdown$$0000000F  c_w.l(libshutdown2.o)
    0x0800026c   0x0800026c   0x00000002   Code   RO         3723    .ARM.Collect$$libshutdown$$00000010  c_w.l(libshutdown2.o)
    0x0800026e   0x0800026e   0x00000000   Code   RO         3530    .ARM.Collect$$rtentry$$00000000  c_w.l(__rtentry.o)
    0x0800026e   0x0800026e   0x00000000   Code   RO         3546    .ARM.Collect$$rtentry$$00000002  c_w.l(__rtentry2.o)
    0x0800026e   0x0800026e   0x00000006   Code   RO         3558    .ARM.Collect$$rtentry$$00000004  c_w.l(__rtentry4.o)
    0x08000274   0x08000274   0x00000000   Code   RO         3548    .ARM.Collect$$rtentry$$00000009  c_w.l(__rtentry2.o)
    0x08000274   0x08000274   0x00000004   Code   RO         3549    .ARM.Collect$$rtentry$$0000000A  c_w.l(__rtentry2.o)
    0x08000278   0x08000278   0x00000000   Code   RO         3551    .ARM.Collect$$rtentry$$0000000C  c_w.l(__rtentry2.o)
    0x08000278   0x08000278   0x00000008   Code   RO         3552    .ARM.Collect$$rtentry$$0000000D  c_w.l(__rtentry2.o)
    0x08000280   0x08000280   0x00000002   Code   RO         3669    .ARM.Collect$$rtexit$$00000000  c_w.l(rtexit.o)
    0x08000282   0x08000282   0x00000000   Code   RO         3676    .ARM.Collect$$rtexit$$00000002  c_w.l(rtexit2.o)
    0x08000282   0x08000282   0x00000004   Code   RO         3677    .ARM.Collect$$rtexit$$00000003  c_w.l(rtexit2.o)
    0x08000286   0x08000286   0x00000006   Code   RO         3678    .ARM.Collect$$rtexit$$00000004  c_w.l(rtexit2.o)
    0x0800028c   0x0800028c   0x00000040   Code   RO            4    .text               startup_stm32f407xx.o
    0x080002cc   0x080002cc   0x00000018   Code   RO         3474    .text               c_w.l(noretval__2printf.o)
    0x080002e4   0x080002e4   0x00000052   Code   RO         3478    .text               c_w.l(_printf_str.o)
    0x08000336   0x08000336   0x00000002   PAD
    0x08000338   0x08000338   0x00000078   Code   RO         3480    .text               c_w.l(_printf_dec.o)
    0x080003b0   0x080003b0   0x0000010e   Code   RO         3490    .text               c_w.l(__printf_wp.o)
    0x080004be   0x080004be   0x00000010   Code   RO         3510    .text               c_w.l(aeabi_memset.o)
    0x080004ce   0x080004ce   0x00000044   Code   RO         3512    .text               c_w.l(rt_memclr.o)
    0x08000512   0x08000512   0x0000004e   Code   RO         3514    .text               c_w.l(rt_memclr_w.o)
    0x08000560   0x08000560   0x00000006   Code   RO         3518    .text               c_w.l(heapauxi.o)
    0x08000566   0x08000566   0x000000b2   Code   RO         3531    .text               c_w.l(_printf_intcommon.o)
    0x08000618   0x08000618   0x0000041e   Code   RO         3533    .text               c_w.l(_printf_fp_dec.o)
    0x08000a36   0x08000a36   0x0000002c   Code   RO         3535    .text               c_w.l(_printf_char.o)
    0x08000a62   0x08000a62   0x00000002   PAD
    0x08000a64   0x08000a64   0x00000024   Code   RO         3537    .text               c_w.l(_printf_char_file.o)
    0x08000a88   0x08000a88   0x00000008   Code   RO         3563    .text               c_w.l(rt_locale_intlibspace.o)
    0x08000a90   0x08000a90   0x0000008a   Code   RO         3565    .text               c_w.l(lludiv10.o)
    0x08000b1a   0x08000b1a   0x00000002   PAD
    0x08000b1c   0x08000b1c   0x00000030   Code   RO         3567    .text               c_w.l(_printf_char_common.o)
    0x08000b4c   0x08000b4c   0x00000080   Code   RO         3569    .text               c_w.l(_printf_fp_infnan.o)
    0x08000bcc   0x08000bcc   0x000000e4   Code   RO         3571    .text               c_w.l(bigflt0.o)
    0x08000cb0   0x08000cb0   0x00000008   Code   RO         3596    .text               c_w.l(ferror.o)
    0x08000cb8   0x08000cb8   0x00000008   Code   RO         3607    .text               c_w.l(libspace.o)
    0x08000cc0   0x08000cc0   0x0000004a   Code   RO         3610    .text               c_w.l(sys_stackheap_outer.o)
    0x08000d0a   0x08000d0a   0x00000012   Code   RO         3614    .text               c_w.l(exit.o)
    0x08000d1c   0x08000d1c   0x00000080   Code   RO         3616    .text               c_w.l(strcmpv7m.o)
    0x08000d9c   0x08000d9c   0x0000000c   Code   RO         3688    .text               c_w.l(sys_exit.o)
    0x08000da8   0x08000da8   0x00000002   Code   RO         3699    .text               c_w.l(use_no_semi.o)
    0x08000daa   0x08000daa   0x00000000   Code   RO         3701    .text               c_w.l(indicate_semi.o)
    0x08000daa   0x08000daa   0x0000003e   Code   RO         3574    CL$$btod_d2e        c_w.l(btod.o)
    0x08000de8   0x08000de8   0x00000046   Code   RO         3576    CL$$btod_d2e_denorm_low  c_w.l(btod.o)
    0x08000e2e   0x08000e2e   0x00000060   Code   RO         3575    CL$$btod_d2e_norm_op1  c_w.l(btod.o)
    0x08000e8e   0x08000e8e   0x00000338   Code   RO         3584    CL$$btod_div_common  c_w.l(btod.o)
    0x080011c6   0x080011c6   0x000000dc   Code   RO         3581    CL$$btod_e2e        c_w.l(btod.o)
    0x080012a2   0x080012a2   0x0000002a   Code   RO         3578    CL$$btod_ediv       c_w.l(btod.o)
    0x080012cc   0x080012cc   0x0000002a   Code   RO         3577    CL$$btod_emul       c_w.l(btod.o)
    0x080012f6   0x080012f6   0x00000244   Code   RO         3583    CL$$btod_mult_common  c_w.l(btod.o)
    0x0800153a   0x0800153a   0x00000002   PAD
    0x0800153c   0x0800153c   0x0000000c   Code   RO         2202    i.CheckEEPROMContainsValidData  config.o
    0x08001548   0x08001548   0x00000024   Code   RO         2203    i.CreateDefaultConfig  config.o
    0x0800156c   0x0800156c   0x00000038   Code   RO         2815    i.DCD_EP_ClrStall   usb_dcd.o
    0x080015a4   0x080015a4   0x0000003c   Code   RO         2817    i.DCD_EP_Open       usb_dcd.o
    0x080015e0   0x080015e0   0x00000044   Code   RO         2818    i.DCD_EP_PrepareRx  usb_dcd.o
    0x08001624   0x08001624   0x00000010   Code   RO         2819    i.DCD_EP_SetAddress  usb_dcd.o
    0x08001634   0x08001634   0x00000038   Code   RO         2820    i.DCD_EP_Stall      usb_dcd.o
    0x0800166c   0x0800166c   0x0000003e   Code   RO         2821    i.DCD_EP_Tx         usb_dcd.o
    0x080016aa   0x080016aa   0x00000002   PAD
    0x080016ac   0x080016ac   0x0000014c   Code   RO         2908    i.DCD_HandleEnumDone_ISR  usb_dcd_int.o
    0x080017f8   0x080017f8   0x000000c0   Code   RO         2909    i.DCD_HandleInEP_ISR  usb_dcd_int.o
    0x080018b8   0x080018b8   0x000000ac   Code   RO         2910    i.DCD_HandleOutEP_ISR  usb_dcd_int.o
    0x08001964   0x08001964   0x0000007c   Code   RO         2911    i.DCD_HandleRxStatusQueueLevel_ISR  usb_dcd_int.o
    0x080019e0   0x080019e0   0x00000070   Code   RO         2912    i.DCD_HandleUSBSuspend_ISR  usb_dcd_int.o
    0x08001a50   0x08001a50   0x00000084   Code   RO         2913    i.DCD_HandleUsbReset_ISR  usb_dcd_int.o
    0x08001ad4   0x08001ad4   0x00000094   Code   RO         2914    i.DCD_WriteEmptyTxFifo  usb_dcd_int.o
    0x08001b68   0x08001b68   0x00000014   Code   RO          989    i.DMA_Cmd           stm32f4xx_dma.o
    0x08001b7c   0x08001b7c   0x00000124   Code   RO          990    i.DMA_DeInit        stm32f4xx_dma.o
    0x08001ca0   0x08001ca0   0x00000006   Code   RO          995    i.DMA_GetCurrDataCounter  stm32f4xx_dma.o
    0x08001ca6   0x08001ca6   0x0000002c   Code   RO         1000    i.DMA_ITConfig      stm32f4xx_dma.o
    0x08001cd2   0x08001cd2   0x00000002   PAD
    0x08001cd4   0x08001cd4   0x00000054   Code   RO         1001    i.DMA_Init          stm32f4xx_dma.o
    0x08001d28   0x08001d28   0x0000000a   Code   RO         1002    i.DMA_MemoryTargetConfig  stm32f4xx_dma.o
    0x08001d32   0x08001d32   0x00000004   Code   RO         1004    i.DMA_SetCurrDataCounter  stm32f4xx_dma.o
    0x08001d36   0x08001d36   0x00000022   Code   RO         1005    i.DMA_StructInit    stm32f4xx_dma.o
    0x08001d58   0x08001d58   0x00000002   Code   RO         3270    i.DebugMon_Handler  stm32f4xx_it.o
    0x08001d5a   0x08001d5a   0x00000004   Code   RO         1435    i.EXTI0_IRQHandler  exti.o
    0x08001d5e   0x08001d5e   0x00000004   Code   RO         1436    i.EXTI15_10_IRQHandler  exti.o
    0x08001d62   0x08001d62   0x00000004   Code   RO         1437    i.EXTI1_IRQHandler  exti.o
    0x08001d66   0x08001d66   0x00000004   Code   RO         1438    i.EXTI2_IRQHandler  exti.o
    0x08001d6a   0x08001d6a   0x00000004   Code   RO         1439    i.EXTI3_IRQHandler  exti.o
    0x08001d6e   0x08001d6e   0x00000004   Code   RO         1440    i.EXTI4_IRQHandler  exti.o
    0x08001d72   0x08001d72   0x00000004   Code   RO         1441    i.EXTI9_5_IRQHandler  exti.o
    0x08001d76   0x08001d76   0x00000002   PAD
    0x08001d78   0x08001d78   0x00000090   Code   RO         1442    i.EXTIConfig        exti.o
    0x08001e08   0x08001e08   0x00000020   Code   RO         1443    i.EXTIEnable        exti.o
    0x08001e28   0x08001e28   0x00000004   Code   RO         1444    i.EXTIHandlerInit   exti.o
    0x08001e2c   0x08001e2c   0x00000028   Code   RO         1445    i.EXTIInit          exti.o
    0x08001e54   0x08001e54   0x0000000c   Code   RO          116    i.EXTI_ClearITPendingBit  stm32f4xx_exti.o
    0x08001e60   0x08001e60   0x00000040   Code   RO         1447    i.EXTI_IRQHandler   exti.o
    0x08001ea0   0x08001ea0   0x00000070   Code   RO          121    i.EXTI_Init         stm32f4xx_exti.o
    0x08001f10   0x08001f10   0x00000094   Code   RO         1119    i.EnableGPIOClk     main.o
    0x08001fa4   0x08001fa4   0x000000a2   Code   RO          182    i.GPIO_Init         stm32f4xx_gpio.o
    0x08002046   0x08002046   0x00000020   Code   RO          183    i.GPIO_PinAFConfig  stm32f4xx_gpio.o
    0x08002066   0x08002066   0x00000012   Code   RO          191    i.GPIO_StructInit   stm32f4xx_gpio.o
    0x08002078   0x08002078   0x00000048   Code   RO         1542    i.IOConfigGPIO      io.o
    0x080020c0   0x080020c0   0x0000005c   Code   RO         1543    i.IOConfigGPIOAF    io.o
    0x0800211c   0x0800211c   0x0000006c   Code   RO         1544    i.IOGetByTag        io.o
    0x08002188   0x08002188   0x00000040   Code   RO         1545    i.IOGlobalInit      io.o
    0x080021c8   0x080021c8   0x00000006   Code   RO         1547    i.IOInit            io.o
    0x080021ce   0x080021ce   0x00000014   Code   RO         1551    i.IOToggle          io.o
    0x080021e2   0x080021e2   0x00000012   Code   RO         1552    i.IOWrite           io.o
    0x080021f4   0x080021f4   0x00000012   Code   RO         1553    i.IO_EXTI_Line      io.o
    0x08002206   0x08002206   0x00000004   Code   RO         1554    i.IO_EXTI_PinSource  io.o
    0x0800220a   0x0800220a   0x00000004   Code   RO         1555    i.IO_EXTI_PortSourceGPIO  io.o
    0x0800220e   0x0800220e   0x00000018   Code   RO         1557    i.IO_GPIOPinIdx     io.o
    0x08002226   0x08002226   0x00000002   PAD
    0x08002228   0x08002228   0x00000018   Code   RO         1558    i.IO_GPIOPortIdx    io.o
    0x08002240   0x08002240   0x00000004   Code   RO         1559    i.IO_GPIO_PinSource  io.o
    0x08002244   0x08002244   0x00000088   Code   RO         1691    i.LedInit           led.o
    0x080022cc   0x080022cc   0x00000028   Code   RO         1692    i.LedSet            led.o
    0x080022f4   0x080022f4   0x00000010   Code   RO         1693    i.LedToggle         led.o
    0x08002304   0x08002304   0x00000002   Code   RO         3271    i.NMI_Handler       stm32f4xx_it.o
    0x08002306   0x08002306   0x00000002   PAD
    0x08002308   0x08002308   0x00000064   Code   RO           13    i.NVIC_Init         misc.o
    0x0800236c   0x0800236c   0x00000014   Code   RO           14    i.NVIC_PriorityGroupConfig  misc.o
    0x08002380   0x08002380   0x0000000c   Code   RO         3272    i.OTG_FS_IRQHandler  stm32f4xx_it.o
    0x0800238c   0x0800238c   0x00000030   Code   RO         3273    i.OTG_FS_WKUP_IRQHandler  stm32f4xx_it.o
    0x080023bc   0x080023bc   0x00000002   Code   RO         3274    i.PendSV_Handler    stm32f4xx_it.o
    0x080023be   0x080023be   0x00000002   PAD
    0x080023c0   0x080023c0   0x00000018   Code   RO          397    i.RCC_AHB1PeriphClockCmd  stm32f4xx_rcc.o
    0x080023d8   0x080023d8   0x00000018   Code   RO          400    i.RCC_AHB2PeriphClockCmd  stm32f4xx_rcc.o
    0x080023f0   0x080023f0   0x00000018   Code   RO          406    i.RCC_APB1PeriphClockCmd  stm32f4xx_rcc.o
    0x08002408   0x08002408   0x00000018   Code   RO          409    i.RCC_APB2PeriphClockCmd  stm32f4xx_rcc.o
    0x08002420   0x08002420   0x00000010   Code   RO          414    i.RCC_ClearFlag     stm32f4xx_rcc.o
    0x08002430   0x08002430   0x00000024   Code   RO         1730    i.RCC_ClockCmd      rcc.o
    0x08002454   0x08002454   0x00000090   Code   RO          418    i.RCC_GetClocksFreq  stm32f4xx_rcc.o
    0x080024e4   0x080024e4   0x00000020   Code   RO         2205    i.ResetLedStatusConfig  config.o
    0x08002504   0x08002504   0x0000003c   Code   RO         2206    i.ResetSerialConfig  config.o
    0x08002540   0x08002540   0x00000040   Code   RO         2207    i.ResetSerialPinConfig  config.o
    0x08002580   0x08002580   0x00000002   Code   RO         3275    i.SVC_Handler       stm32f4xx_it.o
    0x08002582   0x08002582   0x00000002   PAD
    0x08002584   0x08002584   0x00000030   Code   RO          738    i.SYSCFG_EXTILineConfig  stm32f4xx_syscfg.o
    0x080025b4   0x080025b4   0x000000b4   Code   RO         1237    i.SetSysClock       system_stm32f4xx.o
    0x08002668   0x08002668   0x00000024   Code   RO         1280    i.SysTick_Handler   system.o
    0x0800268c   0x0800268c   0x00000024   Code   RO         1281    i.SysTick_Init      system.o
    0x080026b0   0x080026b0   0x0000005c   Code   RO         1239    i.SystemInit        system_stm32f4xx.o
    0x0800270c   0x0800270c   0x00000010   Code   RO         2153    i.USART2_IRQHandler  serial_uart_stm32f4xx.o
    0x0800271c   0x0800271c   0x0000000c   Code   RO          796    i.USART_ClearITPendingBit  stm32f4xx_usart.o
    0x08002728   0x08002728   0x00000014   Code   RO          799    i.USART_Cmd         stm32f4xx_usart.o
    0x0800273c   0x0800273c   0x00000010   Code   RO          800    i.USART_DMACmd      stm32f4xx_usart.o
    0x0800274c   0x0800274c   0x0000003e   Code   RO          803    i.USART_GetITStatus  stm32f4xx_usart.o
    0x0800278a   0x0800278a   0x00000014   Code   RO          804    i.USART_HalfDuplexCmd  stm32f4xx_usart.o
    0x0800279e   0x0800279e   0x00000030   Code   RO          805    i.USART_ITConfig    stm32f4xx_usart.o
    0x080027ce   0x080027ce   0x00000002   PAD
    0x080027d0   0x080027d0   0x000000ac   Code   RO          806    i.USART_Init        stm32f4xx_usart.o
    0x0800287c   0x0800287c   0x00000008   Code   RO          816    i.USART_SendData    stm32f4xx_usart.o
    0x08002884   0x08002884   0x0000000e   Code   RO         2351    i.USBD_ClrCfg       usbd_core.o
    0x08002892   0x08002892   0x00000012   Code   RO         2449    i.USBD_CtlContinueRx  usbd_ioreq.o
    0x080028a4   0x080028a4   0x00000012   Code   RO         2450    i.USBD_CtlContinueSendData  usbd_ioreq.o
    0x080028b6   0x080028b6   0x0000001c   Code   RO         2509    i.USBD_CtlError     usbd_req.o
    0x080028d2   0x080028d2   0x00000022   Code   RO         2452    i.USBD_CtlReceiveStatus  usbd_ioreq.o
    0x080028f4   0x080028f4   0x00000020   Code   RO         2453    i.USBD_CtlSendData  usbd_ioreq.o
    0x08002914   0x08002914   0x00000022   Code   RO         2454    i.USBD_CtlSendStatus  usbd_ioreq.o
    0x08002936   0x08002936   0x00000002   PAD
    0x08002938   0x08002938   0x000000bc   Code   RO         2352    i.USBD_DataInStage  usbd_core.o
    0x080029f4   0x080029f4   0x00000078   Code   RO         2353    i.USBD_DataOutStage  usbd_core.o
    0x08002a6c   0x08002a6c   0x000000b8   Code   RO         2510    i.USBD_GetDescriptor  usbd_req.o
    0x08002b24   0x08002b24   0x0000000e   Code   RO         2356    i.USBD_IsoINIncomplete  usbd_core.o
    0x08002b32   0x08002b32   0x0000000e   Code   RO         2357    i.USBD_IsoOUTIncomplete  usbd_core.o
    0x08002b40   0x08002b40   0x000000f0   Code   RO         2915    i.USBD_OTG_ISR_Handler  usb_dcd_int.o
    0x08002c30   0x08002c30   0x00000044   Code   RO         2512    i.USBD_ParseSetupRequest  usbd_req.o
    0x08002c74   0x08002c74   0x0000002e   Code   RO         2358    i.USBD_Reset        usbd_core.o
    0x08002ca2   0x08002ca2   0x00000016   Code   RO         2359    i.USBD_Resume       usbd_core.o
    0x08002cb8   0x08002cb8   0x00000010   Code   RO         2360    i.USBD_SOF          usbd_core.o
    0x08002cc8   0x08002cc8   0x0000001a   Code   RO         2361    i.USBD_SetCfg       usbd_core.o
    0x08002ce2   0x08002ce2   0x00000002   PAD
    0x08002ce4   0x08002ce4   0x00000074   Code   RO         2513    i.USBD_SetConfig    usbd_req.o
    0x08002d58   0x08002d58   0x0000007c   Code   RO         2514    i.USBD_SetFeature   usbd_req.o
    0x08002dd4   0x08002dd4   0x00000048   Code   RO         2362    i.USBD_SetupStage   usbd_core.o
    0x08002e1c   0x08002e1c   0x000000f0   Code   RO         2515    i.USBD_StdDevReq    usbd_req.o
    0x08002f0c   0x08002f0c   0x000000f0   Code   RO         2516    i.USBD_StdEPReq     usbd_req.o
    0x08002ffc   0x08002ffc   0x00000036   Code   RO         2517    i.USBD_StdItfReq    usbd_req.o
    0x08003032   0x08003032   0x0000001c   Code   RO         2363    i.USBD_Suspend      usbd_core.o
    0x0800304e   0x0800304e   0x00000016   Code   RO         3218    i.USB_OTG_BSP_uDelay  usb_bsp.o
    0x08003064   0x08003064   0x00000036   Code   RO         2591    i.USB_OTG_EP0Activate  usb_core.o
    0x0800309a   0x0800309a   0x00000002   PAD
    0x0800309c   0x0800309c   0x000000ae   Code   RO         2592    i.USB_OTG_EP0StartXfer  usb_core.o
    0x0800314a   0x0800314a   0x00000002   PAD
    0x0800314c   0x0800314c   0x00000024   Code   RO         2593    i.USB_OTG_EP0_OutStart  usb_core.o
    0x08003170   0x08003170   0x00000052   Code   RO         2594    i.USB_OTG_EPActivate  usb_core.o
    0x080031c2   0x080031c2   0x00000032   Code   RO         2595    i.USB_OTG_EPClearStall  usb_core.o
    0x080031f4   0x080031f4   0x00000030   Code   RO         2597    i.USB_OTG_EPSetStall  usb_core.o
    0x08003224   0x08003224   0x00000128   Code   RO         2598    i.USB_OTG_EPStartXfer  usb_core.o
    0x0800334c   0x0800334c   0x00000040   Code   RO         2602    i.USB_OTG_FlushTxFifo  usb_core.o
    0x0800338c   0x0800338c   0x0000001e   Code   RO         2603    i.USB_OTG_GetDeviceSpeed  usb_core.o
    0x080033aa   0x080033aa   0x00000012   Code   RO         2607    i.USB_OTG_IsDeviceMode  usb_core.o
    0x080033bc   0x080033bc   0x0000000a   Code   RO         2609    i.USB_OTG_ReadCoreItr  usb_core.o
    0x080033c6   0x080033c6   0x0000000c   Code   RO         2610    i.USB_OTG_ReadDevAllInEPItr  usb_core.o
    0x080033d2   0x080033d2   0x0000000c   Code   RO         2611    i.USB_OTG_ReadDevAllOutEp_itr  usb_core.o
    0x080033de   0x080033de   0x00000010   Code   RO         2612    i.USB_OTG_ReadDevOutEP_itr  usb_core.o
    0x080033ee   0x080033ee   0x00000020   Code   RO         2614    i.USB_OTG_ReadPacket  usb_core.o
    0x0800340e   0x0800340e   0x0000001c   Code   RO         2619    i.USB_OTG_UngateClock  usb_core.o
    0x0800342a   0x0800342a   0x00000028   Code   RO         2620    i.USB_OTG_WritePacket  usb_core.o
    0x08003452   0x08003452   0x00000030   Code   RO         3605    i.__ARM_fpclassify  m_wm.l(fpclassify.o)
    0x08003482   0x08003482   0x0000000e   Code   RO         3492    i._is_digit         c_w.l(__printf_wp.o)
    0x08003490   0x08003490   0x00000028   Code   RO         1356    i.btnIntExtiHandler  button.o
    0x080034b8   0x080034b8   0x00000054   Code   RO         1357    i.buttonInit        button.o
    0x0800350c   0x0800350c   0x00000016   Code   RO         1282    i.delay             system.o
    0x08003522   0x08003522   0x00000002   PAD
    0x08003524   0x08003524   0x00000018   Code   RO         1283    i.delayMicroseconds  system.o
    0x0800353c   0x0800353c   0x00000028   Code   RO         1760    i.findNextSerialPortConfig  serial.o
    0x08003564   0x08003564   0x00000010   Code   RO         1761    i.findSerialPortConfig  serial.o
    0x08003574   0x08003574   0x0000001c   Code   RO         1762    i.findSerialPortIndexByIdentifier  serial.o
    0x08003590   0x08003590   0x00000028   Code   RO         1763    i.findSerialPortUsageByIdentifier  serial.o
    0x080035b8   0x080035b8   0x0000000e   Code   RO         1120    i.fputc             main.o
    0x080035c6   0x080035c6   0x00000002   PAD
    0x080035c8   0x080035c8   0x0000002c   Code   RO         2023    i.gpsInit           gps.o
    0x080035f4   0x080035f4   0x00000010   Code   RO         2026    i.gpsWrite          gps.o
    0x08003604   0x08003604   0x0000001a   Code   RO         2067    i.isUartTransmitBufferEmpty  serial_uart.o
    0x0800361e   0x0800361e   0x00000002   PAD
    0x08003620   0x08003620   0x000000d0   Code   RO         1121    i.main              main.o
    0x080036f0   0x080036f0   0x00000054   Code   RO         1284    i.micros            system.o
    0x08003744   0x08003744   0x0000004c   Code   RO         1285    i.microsISR         system.o
    0x08003790   0x08003790   0x00000044   Code   RO         1765    i.openSerialPort    serial.o
    0x080037d4   0x080037d4   0x00000034   Code   RO         1766    i.serialInit        serial.o
    0x08003808   0x08003808   0x00000110   Code   RO         2154    i.serialUART        serial_uart_stm32f4xx.o
    0x08003918   0x08003918   0x0000000c   Code   RO         2155    i.serialUART2       serial_uart_stm32f4xx.o
    0x08003924   0x08003924   0x00000006   Code   RO         1768    i.serialWrite       serial.o
    0x0800392a   0x0800392a   0x00000002   PAD
    0x0800392c   0x0800392c   0x00000050   Code   RO         1122    i.systemInit        main.o
    0x0800397c   0x0800397c   0x00000014   Code   RO         2208    i.targetConfiguration  config.o
    0x08003990   0x08003990   0x00000096   Code   RO         2156    i.uartIrqHandler    serial_uart_stm32f4xx.o
    0x08003a26   0x08003a26   0x00000002   PAD
    0x08003a28   0x08003a28   0x00000148   Code   RO         2068    i.uartOpen          serial_uart.o
    0x08003b70   0x08003b70   0x0000002c   Code   RO         2069    i.uartRead          serial_uart.o
    0x08003b9c   0x08003b9c   0x0000008c   Code   RO         2070    i.uartReconfigure   serial_uart.o
    0x08003c28   0x08003c28   0x00000006   Code   RO         2071    i.uartSetBaudRate   serial_uart.o
    0x08003c2e   0x08003c2e   0x00000006   Code   RO         2072    i.uartSetMode       serial_uart.o
    0x08003c34   0x08003c34   0x0000004a   Code   RO         2073    i.uartStartTxDMA    serial_uart.o
    0x08003c7e   0x08003c7e   0x00000018   Code   RO         2074    i.uartTotalRxBytesWaiting  serial_uart.o
    0x08003c96   0x08003c96   0x00000026   Code   RO         2075    i.uartTotalTxBytesFree  serial_uart.o
    0x08003cbc   0x08003cbc   0x00000030   Code   RO         2076    i.uartWrite         serial_uart.o
    0x08003cec   0x08003cec   0x0000002c   Code   RO         3601    locale$$code        c_w.l(lc_numeric_c.o)
    0x08003d18   0x08003d18   0x00000150   Code   RO         3522    x$fpl$dadd          fz_wm.l(daddsub_clz.o)
    0x08003e68   0x08003e68   0x0000009c   Code   RO         3540    x$fpl$dnaninf       fz_wm.l(dnaninf.o)
    0x08003f04   0x08003f04   0x0000000c   Code   RO         3542    x$fpl$dretinf       fz_wm.l(dretinf.o)
    0x08003f10   0x08003f10   0x000001d4   Code   RO         3524    x$fpl$dsub          fz_wm.l(daddsub_clz.o)
    0x080040e4   0x080040e4   0x0000000a   Code   RO         3673    x$fpl$fpinit        fz_wm.l(fpinit.o)
    0x080040ee   0x080040ee   0x00000004   Code   RO         3528    x$fpl$printf1       fz_wm.l(printf1.o)
    0x080040f2   0x080040f2   0x00000000   Code   RO         3544    x$fpl$usenofp       fz_wm.l(usenofp.o)
    0x080040f2   0x080040f2   0x00000005   Data   RO         1123    .constdata          main.o
    0x080040f7   0x080040f7   0x00000001   Data   RO         1361    .constdata          button.o
    0x080040f8   0x080040f8   0x00000017   Data   RO         1449    .constdata          exti.o
    0x0800410f   0x0800410f   0x00000001   PAD
    0x08004110   0x08004110   0x00000010   Data   RO         1563    .constdata          io.o
    0x08004120   0x08004120   0x00000003   Data   RO         1770    .constdata          serial.o
    0x08004123   0x08004123   0x00000001   PAD
    0x08004124   0x08004124   0x00000028   Data   RO         2077    .constdata          serial_uart.o
    0x0800414c   0x0800414c   0x00000094   Data   RO         3572    .constdata          c_w.l(bigflt0.o)
    0x080041e0   0x080041e0   0x00000020   Data   RO         3748    Region$$Table       anon$$obj.o
    0x08004200   0x08004200   0x0000001c   Data   RO         3600    locale$$data        c_w.l(lc_numeric_c.o)


    Execution Region RW_IRAM1 (Exec base: 0x20000000, Load base: 0x0800421c, Size: 0x00001498, Max: 0x00020000, ABSOLUTE, COMPRESSED[0x0000005c])

    Exec Addr    Load Addr    Size         Type   Attr      Idx    E Section Name        Object

    0x20000000   COMPRESSED   0x00000010   Data   RW          450    .data               stm32f4xx_rcc.o
    0x20000010   COMPRESSED   0x00000010   Data   RW         1124    .data               main.o
    0x20000020   COMPRESSED   0x00000004   Data   RW         1125    .data               main.o
    0x20000024   COMPRESSED   0x00000014   Data   RW         1241    .data               system_stm32f4xx.o
    0x20000038   COMPRESSED   0x0000000c   Data   RW         1288    .data               system.o
    0x20000044   COMPRESSED   0x00000007   Data   RW         1450    .data               exti.o
    0x2000004b   COMPRESSED   0x00000001   Data   RW         1695    .data               led.o
    0x2000004c   COMPRESSED   0x00000008   Data   RW         1772    .data               serial.o
    0x20000054   COMPRESSED   0x00000004   Data   RW         2027    .data               gps.o
    0x20000058   COMPRESSED   0x0000047c   Data   RW         2157    .data               serial_uart_stm32f4xx.o
    0x200004d4   COMPRESSED   0x00000018   Data   RW         2158    .data               serial_uart_stm32f4xx.o
    0x200004ec   COMPRESSED   0x0000002c   Data   RW         2364    .data               usbd_core.o
    0x20000518   COMPRESSED   0x00000004   Data   RW         2365    .data               usbd_core.o
    0x2000051c   COMPRESSED   0x00000004   Data   RW         2366    .data               usbd_core.o
    0x20000520   COMPRESSED   0x00000010   Data   RW         2519    .data               usbd_req.o
    0x20000530        -       0x00000010   Zero   RW         1287    .bss                system.o
    0x20000540        -       0x0000000c   Zero   RW         1360    .bss                button.o
    0x2000054c        -       0x00000040   Zero   RW         1448    .bss                exti.o
    0x2000058c        -       0x00000200   Zero   RW         1562    .bss                io.o
    0x2000078c        -       0x00000010   Zero   RW         1694    .bss                led.o
    0x2000079c        -       0x00000024   Zero   RW         1769    .bss                serial.o
    0x200007c0        -       0x0000063c   Zero   RW         1909    .bss                serial_usb_vcp.o
    0x20000dfc        -       0x0000003c   Zero   RW         2209    .bss                config.o
    0x20000e38        -       0x00000060   Zero   RW         3608    .bss                c_w.l(libspace.o)
    0x20000e98        -       0x00000200   Zero   RW            2    HEAP                startup_stm32f407xx.o
    0x20001098        -       0x00000400   Zero   RW            1    STACK               startup_stm32f407xx.o


==============================================================================

Image component sizes


      Code (inc. data)   RO Data    RW Data    ZI Data      Debug   Object Name

       124         16          1          0         12       5575   button.o
       224         20          0          0         60       5156   config.o
       312         32         23          7         64       7798   exti.o
        60         10          0          4          0       1593   gps.o
       458         38         16          0        512      17433   io.o
       192         22          0          1         16       2399   led.o
       450        132          5         20          0      36223   main.o
       120         14          0          0          0     288107   misc.o
         0          0          0          0          0       2998   msp_serial.o
        36          0          0          0          0        663   rcc.o
       250         36          3          8         36       8674   serial.o
       734          4         40          0          0       8973   serial_uart.o
       450         14          0       1172          0       4476   serial_uart_stm32f4xx.o
         0          0          0          0       1596      21286   serial_usb_vcp.o
        64         26        392          0       1536        904   startup_stm32f407xx.o
       494         24          0          0          0       6925   stm32f4xx_dma.o
       124         10          0          0          0       1749   stm32f4xx_exti.o
       212          0          0          0          0       2601   stm32f4xx_gpio.o
        68         14          0          0          0       3033   stm32f4xx_it.o
       256         40          0         16          0       6396   stm32f4xx_rcc.o
        48          6          0          0          0        744   stm32f4xx_syscfg.o
       358          8          0          0          0       6758   stm32f4xx_usart.o
       278         32          0         12         16       6709   system.o
       272         36          0         20          0       2169   system_stm32f4xx.o
        22          0          0          0          0       1113   usb_bsp.o
      1002          8          0          0          0      13684   usb_core.o
       318          0          0          0          0       4814   usb_dcd.o
      1452        110          0          0          0       8259   usb_dcd_int.o
       560          4          0         52          0       9368   usbd_core.o
       136          0          0          0          0       3960   usbd_ioreq.o
      1054         46          0         16          0       8160   usbd_req.o

    ----------------------------------------------------------------------
     10162        702        514       1328       3848     498700   Object Totals
         0          0         32          0          0          0   (incl. Generated)
        34          0          2          0          0          0   (incl. Padding)

    ----------------------------------------------------------------------

      Code (inc. data)   RO Data    RW Data    ZI Data      Debug   Library Member Name

        90          0          0          0          0          0   __dczerorl2.o
         8          0          0          0          0         68   __main.o
       284          0          0          0          0        156   __printf_wp.o
         0          0          0          0          0          0   __rtentry.o
        12          0          0          0          0          0   __rtentry2.o
         6          0          0          0          0          0   __rtentry4.o
        52          8          0          0          0          0   __scatter.o
        28          0          0          0          0          0   __scatter_zi.o
        44          0          0          0          0        108   _printf_char.o
        48          6          0          0          0         96   _printf_char_common.o
        36          4          0          0          0         80   _printf_char_file.o
         6          0          0          0          0          0   _printf_d.o
       120         16          0          0          0         92   _printf_dec.o
         6          0          0          0          0          0   _printf_f.o
      1054          0          0          0          0        216   _printf_fp_dec.o
       128         16          0          0          0         84   _printf_fp_infnan.o
       178          0          0          0          0         88   _printf_intcommon.o
         0          0          0          0          0          0   _printf_percent.o
         4          0          0          0          0          0   _printf_percent_end.o
         6          0          0          0          0          0   _printf_s.o
        82          0          0          0          0         80   _printf_str.o
        16          0          0          0          0         68   aeabi_memset.o
       228          4        148          0          0         96   bigflt0.o
      1936        128          0          0          0        672   btod.o
        18          0          0          0          0         80   exit.o
         8          0          0          0          0         68   ferror.o
         6          0          0          0          0        152   heapauxi.o
         0          0          0          0          0          0   indicate_semi.o
        44         10         28          0          0         76   lc_numeric_c.o
         2          0          0          0          0          0   libinit.o
        22          0          0          0          0          0   libinit2.o
         2          0          0          0          0          0   libshutdown.o
         2          0          0          0          0          0   libshutdown2.o
         8          4          0          0         96         68   libspace.o
       138          0          0          0          0         80   lludiv10.o
        24          4          0          0          0         84   noretval__2printf.o
         8          4          0          0          0         68   rt_locale_intlibspace.o
        68          0          0          0          0         68   rt_memclr.o
        78          0          0          0          0         80   rt_memclr_w.o
         2          0          0          0          0          0   rtexit.o
        10          0          0          0          0          0   rtexit2.o
       128          0          0          0          0         68   strcmpv7m.o
        12          4          0          0          0         68   sys_exit.o
        74          0          0          0          0         80   sys_stackheap_outer.o
         2          0          0          0          0         68   use_no_semi.o
       804         16          0          0          0        368   daddsub_clz.o
       156          4          0          0          0        140   dnaninf.o
        12          0          0          0          0        116   dretinf.o
        10          0          0          0          0        116   fpinit.o
         4          0          0          0          0        116   printf1.o
         0          0          0          0          0          0   usenofp.o
        48          0          0          0          0        124   fpclassify.o

    ----------------------------------------------------------------------
      6072        228        176          0         96       3992   Library Totals
        10          0          0          0          0          0   (incl. Padding)

    ----------------------------------------------------------------------

      Code (inc. data)   RO Data    RW Data    ZI Data      Debug   Library Name

      5028        208        176          0         96       3012   c_w.l
       986         20          0          0          0        856   fz_wm.l
        48          0          0          0          0        124   m_wm.l

    ----------------------------------------------------------------------
      6072        228        176          0         96       3992   Library Totals

    ----------------------------------------------------------------------

==============================================================================


      Code (inc. data)   RO Data    RW Data    ZI Data      Debug   

     16234        930        690       1328       3944     484928   Grand Totals
     16234        930        690         92       3944     484928   ELF Image Totals (compressed)
     16234        930        690         92          0          0   ROM Totals

==============================================================================

    Total RO  Size (Code + RO Data)                16924 (  16.53kB)
    Total RW  Size (RW Data + ZI Data)              5272 (   5.15kB)
    Total ROM Size (Code + RO Data + RW Data)      17016 (  16.62kB)

==============================================================================

